Archive member included to satisfy reference by file (symbol)

c:/program files (x86)/cypress/psoc creator/4.4/psoc creator/import/gnu/arm/5.4.1/bin/../lib/gcc/arm-none-eabi/5.4.1/../../../../arm-none-eabi/lib/armv7e-m/softfp\libm.a(lib_a-s_floor.o)
                              .\CortexM4\ARM_GCC_541\Debug\main_cm4.o (floor)
c:/program files (x86)/cypress/psoc creator/4.4/psoc creator/import/gnu/arm/5.4.1/bin/../lib/gcc/arm-none-eabi/5.4.1/../../../../arm-none-eabi/lib/armv7e-m/softfp\libm.a(lib_a-s_round.o)
                              .\CortexM4\ARM_GCC_541\Debug\main_cm4.o (round)
c:/program files (x86)/cypress/psoc creator/4.4/psoc creator/import/gnu/arm/5.4.1/bin/../lib/gcc/arm-none-eabi/5.4.1/../../../../arm-none-eabi/lib/armv7e-m/softfp\libm.a(lib_a-s_sin.o)
                              .\CortexM4\ARM_GCC_541\Debug\main_cm4.o (sin)
c:/program files (x86)/cypress/psoc creator/4.4/psoc creator/import/gnu/arm/5.4.1/bin/../lib/gcc/arm-none-eabi/5.4.1/../../../../arm-none-eabi/lib/armv7e-m/softfp\libm.a(lib_a-sf_ceil.o)
                              .\CortexM4\ARM_GCC_541\Debug\cy_sysclk.o (ceilf)
c:/program files (x86)/cypress/psoc creator/4.4/psoc creator/import/gnu/arm/5.4.1/bin/../lib/gcc/arm-none-eabi/5.4.1/../../../../arm-none-eabi/lib/armv7e-m/softfp\libm.a(lib_a-w_log.o)
                              .\CortexM4\ARM_GCC_541\Debug\cy_sysclk.o (log)
c:/program files (x86)/cypress/psoc creator/4.4/psoc creator/import/gnu/arm/5.4.1/bin/../lib/gcc/arm-none-eabi/5.4.1/../../../../arm-none-eabi/lib/armv7e-m/softfp\libm.a(lib_a-e_log.o)
                              c:/program files (x86)/cypress/psoc creator/4.4/psoc creator/import/gnu/arm/5.4.1/bin/../lib/gcc/arm-none-eabi/5.4.1/../../../../arm-none-eabi/lib/armv7e-m/softfp\libm.a(lib_a-w_log.o) (__ieee754_log)
c:/program files (x86)/cypress/psoc creator/4.4/psoc creator/import/gnu/arm/5.4.1/bin/../lib/gcc/arm-none-eabi/5.4.1/../../../../arm-none-eabi/lib/armv7e-m/softfp\libm.a(lib_a-e_rem_pio2.o)
                              c:/program files (x86)/cypress/psoc creator/4.4/psoc creator/import/gnu/arm/5.4.1/bin/../lib/gcc/arm-none-eabi/5.4.1/../../../../arm-none-eabi/lib/armv7e-m/softfp\libm.a(lib_a-s_sin.o) (__ieee754_rem_pio2)
c:/program files (x86)/cypress/psoc creator/4.4/psoc creator/import/gnu/arm/5.4.1/bin/../lib/gcc/arm-none-eabi/5.4.1/../../../../arm-none-eabi/lib/armv7e-m/softfp\libm.a(lib_a-k_cos.o)
                              c:/program files (x86)/cypress/psoc creator/4.4/psoc creator/import/gnu/arm/5.4.1/bin/../lib/gcc/arm-none-eabi/5.4.1/../../../../arm-none-eabi/lib/armv7e-m/softfp\libm.a(lib_a-s_sin.o) (__kernel_cos)
c:/program files (x86)/cypress/psoc creator/4.4/psoc creator/import/gnu/arm/5.4.1/bin/../lib/gcc/arm-none-eabi/5.4.1/../../../../arm-none-eabi/lib/armv7e-m/softfp\libm.a(lib_a-k_rem_pio2.o)
                              c:/program files (x86)/cypress/psoc creator/4.4/psoc creator/import/gnu/arm/5.4.1/bin/../lib/gcc/arm-none-eabi/5.4.1/../../../../arm-none-eabi/lib/armv7e-m/softfp\libm.a(lib_a-e_rem_pio2.o) (__kernel_rem_pio2)
c:/program files (x86)/cypress/psoc creator/4.4/psoc creator/import/gnu/arm/5.4.1/bin/../lib/gcc/arm-none-eabi/5.4.1/../../../../arm-none-eabi/lib/armv7e-m/softfp\libm.a(lib_a-k_sin.o)
                              c:/program files (x86)/cypress/psoc creator/4.4/psoc creator/import/gnu/arm/5.4.1/bin/../lib/gcc/arm-none-eabi/5.4.1/../../../../arm-none-eabi/lib/armv7e-m/softfp\libm.a(lib_a-s_sin.o) (__kernel_sin)
c:/program files (x86)/cypress/psoc creator/4.4/psoc creator/import/gnu/arm/5.4.1/bin/../lib/gcc/arm-none-eabi/5.4.1/../../../../arm-none-eabi/lib/armv7e-m/softfp\libm.a(lib_a-s_fabs.o)
                              c:/program files (x86)/cypress/psoc creator/4.4/psoc creator/import/gnu/arm/5.4.1/bin/../lib/gcc/arm-none-eabi/5.4.1/../../../../arm-none-eabi/lib/armv7e-m/softfp\libm.a(lib_a-e_rem_pio2.o) (fabs)
c:/program files (x86)/cypress/psoc creator/4.4/psoc creator/import/gnu/arm/5.4.1/bin/../lib/gcc/arm-none-eabi/5.4.1/../../../../arm-none-eabi/lib/armv7e-m/softfp\libm.a(lib_a-s_lib_ver.o)
                              c:/program files (x86)/cypress/psoc creator/4.4/psoc creator/import/gnu/arm/5.4.1/bin/../lib/gcc/arm-none-eabi/5.4.1/../../../../arm-none-eabi/lib/armv7e-m/softfp\libm.a(lib_a-w_log.o) (__fdlib_version)
c:/program files (x86)/cypress/psoc creator/4.4/psoc creator/import/gnu/arm/5.4.1/bin/../lib/gcc/arm-none-eabi/5.4.1/../../../../arm-none-eabi/lib/armv7e-m/softfp\libm.a(lib_a-s_matherr.o)
                              c:/program files (x86)/cypress/psoc creator/4.4/psoc creator/import/gnu/arm/5.4.1/bin/../lib/gcc/arm-none-eabi/5.4.1/../../../../arm-none-eabi/lib/armv7e-m/softfp\libm.a(lib_a-w_log.o) (matherr)
c:/program files (x86)/cypress/psoc creator/4.4/psoc creator/import/gnu/arm/5.4.1/bin/../lib/gcc/arm-none-eabi/5.4.1/../../../../arm-none-eabi/lib/armv7e-m/softfp\libm.a(lib_a-s_nan.o)
[...]
Memory Configuration

Name             Origin             Length             Attributes
ram              0x08024000         0x00023800         xrw
flash            0x10080000         0x00080000         xr
em_eeprom        0x14000000         0x00008000         xr
sflash_user_data 0x16000800         0x00000800         xr
sflash_nar       0x16001a00         0x00000200         xr
sflash_public_key 0x16005a00         0x00000c00         xr
sflash_toc_2     0x16007c00         0x00000200         xr
sflash_rtoc_2    0x16007e00         0x00000200         xr
xip              0x18000000         0x08000000         xr
efuse            0x90700000         0x00100000         r
*default*        0x00000000         0xffffffff

Linker script and memory map

LOAD c:/program files (x86)/cypress/psoc creator/4.4/psoc creator/import/gnu/arm/5.4.1/bin/../lib/gcc/arm-none-eabi/5.4.1/armv7e-m/softfp/crti.o
LOAD c:/program files (x86)/cypress/psoc creator/4.4/psoc creator/import/gnu/arm/5.4.1/bin/../lib/gcc/arm-none-eabi/5.4.1/armv7e-m/softfp/crtbegin.o
LOAD c:/program files (x86)/cypress/psoc creator/4.4/psoc creator/import/gnu/arm/5.4.1/bin/../lib/gcc/arm-none-eabi/5.4.1/../../../../arm-none-eabi/lib/armv7e-m/softfp/crt0.o
START GROUP
LOAD .\CortexM4\ARM_GCC_541\Debug\startup_psoc6_01_cm4.o
LOAD .\CortexM4\ARM_GCC_541\Debug\main_cm4.o
LOAD .\CortexM4\ARM_GCC_541\Debug\system_psoc6_cm4.o
LOAD .\CortexM4\ARM_GCC_541\Debug\cyfitter_sysint_cfg.o
LOAD .\CortexM4\ARM_GCC_541\Debug\cymetadata.o
LOAD .\CortexM4\ARM_GCC_541\Debug\ANALYZER_ADC.o
LOAD .\CortexM4\ARM_GCC_541\Debug\ANALYZER_ADC_INT.o
LOAD .\CortexM4\ARM_GCC_541\Debug\ANALYZER_ADC_INIT.o
LOAD .\CortexM4\ARM_GCC_541\Debug\ANALYZER_ADC_PM.o
LOAD .\CortexM4\ARM_GCC_541\Debug\ANALIZER_PWM.o
LOAD .\CortexM4\ARM_GCC_541\Debug\ANALYZER_VDAC.o
LOAD .\CortexM4\ARM_GCC_541\Debug\VDAC_DMA.o
LOAD .\CortexM4\ARM_GCC_541\Debug\cy_ctb.o
LOAD .\CortexM4\ARM_GCC_541\Debug\cy_ctdac.o
LOAD .\CortexM4\ARM_GCC_541\Debug\cy_dma.o
LOAD .\CortexM4\ARM_GCC_541\Debug\cy_efuse.o
LOAD .\CortexM4\ARM_GCC_541\Debug\cy_flash.o
LOAD .\CortexM4\ARM_GCC_541\Debug\cy_gpio.o
LOAD .\CortexM4\ARM_GCC_541\Debug\cy_ipc_drv.o
LOAD .\CortexM4\ARM_GCC_541\Debug\cy_ipc_sema.o
LOAD .\CortexM4\ARM_GCC_541\Debug\cy_ipc_pipe.o
LOAD .\CortexM4\ARM_GCC_541\Debug\cy_lvd.o
LOAD .\CortexM4\ARM_GCC_541\Debug\cy_profile.o
LOAD .\CortexM4\ARM_GCC_541\Debug\cy_prot.o
LOAD .\CortexM4\ARM_GCC_541\Debug\cy_sar.o
LOAD .\CortexM4\ARM_GCC_541\Debug\cy_sysanalog.o
LOAD .\CortexM4\ARM_GCC_541\Debug\cy_sysclk.o
LOAD .\CortexM4\ARM_GCC_541\Debug\cy_sysint.o
LOAD .\CortexM4\ARM_GCC_541\Debug\cy_syslib.o
LOAD .\CortexM4\ARM_GCC_541\Debug\cy_syslib_gcc.o
LOAD .\CortexM4\ARM_GCC_541\Debug\cy_syspm.o
LOAD .\CortexM4\ARM_GCC_541\Debug\cy_systick.o
LOAD .\CortexM4\ARM_GCC_541\Debug\cy_tcpwm_counter.o
LOAD .\CortexM4\ARM_GCC_541\Debug\cy_tcpwm_pwm.o
LOAD .\CortexM4\ARM_GCC_541\Debug\cy_tcpwm_quaddec.o
LOAD .\CortexM4\ARM_GCC_541\Debug\cy_trigmux.o
LOAD .\CortexM4\ARM_GCC_541\Debug\cy_wdt.o
LOAD .\CortexM4\ARM_GCC_541\Debug\cy_device.o
LOAD .\CortexM4\ARM_GCC_541\Debug\cy_scb_common.o
LOAD .\CortexM4\ARM_GCC_541\Debug\cy_scb_i2c.o
LOAD .\CortexM4\ARM_GCC_541\Debug\cy_scb_ezi2c.o
LOAD .\CortexM4\ARM_GCC_541\Debug\cy_scb_spi.o
LOAD .\CortexM4\ARM_GCC_541\Debug\cy_scb_uart.o
LOAD .\CortexM4\ARM_GCC_541\Debug\cy_ble_clk.o
LOAD .\CortexM4\ARM_GCC_541\Debug\ANALYZER_UART.o
LOAD .\CortexM4\ARM_GCC_541\Debug\ADC_DMA.o
LOAD c:/program files (x86)/cypress/psoc creator/4.4/psoc creator/import/gnu/arm/5.4.1/bin/../lib/gcc/arm-none-eabi/5.4.1/../../../../arm-none-eabi/lib/armv7e-m/softfp\libm.a
LOAD .\DSP\Lib\GCC\libarm_cortexM4l_math.a
END GROUP
START GROUP
LOAD c:/program files (x86)/cypress/psoc creator/4.4/psoc creator/import/gnu/arm/5.4.1/bin/../lib/gcc/arm-none-eabi/5.4.1/armv7e-m/softfp\libgcc.a
LOAD c:/program files (x86)/cypress/psoc creator/4.4/psoc creator/import/gnu/arm/5.4.1/bin/../lib/gcc/arm-none-eabi/5.4.1/../../../../arm-none-eabi/lib/armv7e-m/softfp\libg_nano.a
LOAD c:/program files (x86)/cypress/psoc creator/4.4/psoc creator/import/gnu/arm/5.4.1/bin/../lib/gcc/arm-none-eabi/5.4.1/../../../../arm-none-eabi/lib/armv7e-m/softfp\libc_nano.a
END GROUP
START GROUP
LOAD c:/program files (x86)/cypress/psoc creator/4.4/psoc creator/import/gnu/arm/5.4.1/bin/../lib/gcc/arm-none-eabi/5.4.1/armv7e-m/softfp\libgcc.a
LOAD c:/program files (x86)/cypress/psoc creator/4.4/psoc creator/import/gnu/arm/5.4.1/bin/../lib/gcc/arm-none-eabi/5.4.1/../../../../arm-none-eabi/lib/armv7e-m/softfp\libc_nano.a
END GROUP
LOAD c:/program files (x86)/cypress/psoc creator/4.4/psoc creator/import/gnu/arm/5.4.1/bin/../lib/gcc/arm-none-eabi/5.4.1/armv7e-m/softfp/crtend.o
LOAD c:/program files (x86)/cypress/psoc creator/4.4/psoc creator/import/gnu/arm/5.4.1/bin/../lib/gcc/arm-none-eabi/5.4.1/armv7e-m/softfp/crtn.o
START GROUP
LOAD c:/program files (x86)/cypress/psoc creator/4.4/psoc creator/import/gnu/arm/5.4.1/bin/../lib/gcc/arm-none-eabi/5.4.1/armv7e-m/softfp\libgcc.a
LOAD c:/program files (x86)/cypress/psoc creator/4.4/psoc creator/import/gnu/arm/5.4.1/bin/../lib/gcc/arm-none-eabi/5.4.1/../../../../arm-none-eabi/lib/armv7e-m/softfp\libc.a
LOAD c:/program files (x86)/cypress/psoc creator/4.4/psoc creator/import/gnu/arm/5.4.1/bin/../lib/gcc/arm-none-eabi/5.4.1/../../../../arm-none-eabi/lib/armv7e-m/softfp\libnosys.a
END GROUP
START GROUP
LOAD c:/program files (x86)/cypress/psoc creator/4.4/psoc creator/import/gnu/arm/5.4.1/bin/../lib/gcc/arm-none-eabi/5.4.1/armv7e-m/softfp\libgcc.a
LOAD c:/program files (x86)/cypress/psoc creator/4.4/psoc creator/import/gnu/arm/5.4.1/bin/../lib/gcc/arm-none-eabi/5.4.1/../../../../arm-none-eabi/lib/armv7e-m/softfp\libc.a
LOAD c:/program files (x86)/cypress/psoc creator/4.4/psoc creator/import/gnu/arm/5.4.1/bin/../lib/gcc/arm-none-eabi/5.4.1/../../../../arm-none-eabi/lib/armv7e-m/softfp\libm.a
LOAD c:/program files (x86)/cypress/psoc creator/4.4/psoc creator/import/gnu/arm/5.4.1/bin/../lib/gcc/arm-none-eabi/5.4.1/../../../../arm-none-eabi/lib/armv7e-m/softfp\libnosys.a
END GROUP

.text           0x10080000     0x4a84
                0x10080000                . = ALIGN (0x4)
                0x10080000                __Vectors = .
 *(.vectors)
 .vectors       0x10080000      0x28c .\CortexM4\ARM_GCC_541\Debug\startup_psoc6_01_cm4.o
                0x1008028c                . = ALIGN (0x4)
                0x1008028c                __Vectors_End = .
                0x0000028c                __Vectors_Size = (__Vectors_End - __Vectors)
                0x1008028c                __end__ = .
                0x1008028c                . = ALIGN (0x4)
 *(.text*)
 .text          0x1008028c       0x5c c:/program files (x86)/cypress/psoc creator/4.4/psoc creator/import/gnu/arm/5.4.1/bin/../lib/gcc/arm-none-eabi/5.4.1/armv7e-m/softfp/crtbegin.o
 .text          0x100802e8       0x84 .\CortexM4\ARM_GCC_541\Debug\startup_psoc6_01_cm4.o
                0x100802e8                Cy_OnResetUser
                0x100802ea                Reset_Handler
                0x1008034c                cpuss_interrupts_ipc_6_IRQHandler
                0x1008034c                DebugMon_Handler
                0x1008034c                tcpwm_1_interrupts_11_IRQHandler
                0x1008034c                cpuss_interrupts_ipc_0_IRQHandler
                0x1008034c                tcpwm_1_interrupts_15_IRQHandler
                0x1008034c                ioss_interrupts_gpio_13_IRQHandler
                0x1008034c                tcpwm_1_interrupts_13_IRQHandler
                0x1008034c                cpuss_interrupts_dw1_8_IRQHandler
                0x1008034c                tcpwm_0_interrupts_0_IRQHandler
                0x1008034c                SysTick_Handler
                0x1008034c                cpuss_interrupt_fm_IRQHandler
                0x1008034c                cpuss_interrupts_ipc_7_IRQHandler
                0x1008034c                tcpwm_1_interrupts_14_IRQHandler
                0x1008034c                cpuss_interrupts_dw0_5_IRQHandler
                0x1008034c                tcpwm_1_interrupts_9_IRQHandler
                0x1008034c                cpuss_interrupts_cm0_cti_1_IRQHandler
                0x1008034c                tcpwm_1_interrupts_22_IRQHandler
                0x1008034c                cpuss_interrupts_dw0_4_IRQHandler
                0x1008034c                PendSV_Handler
                0x1008034c                NMI_Handler
                0x1008034c                cpuss_interrupts_dw1_12_IRQHandler
                0x1008034c                tcpwm_1_interrupts_12_IRQHandler
                0x1008034c                smif_interrupt_IRQHandler
                0x1008034c                tcpwm_1_interrupts_2_IRQHandler
                0x1008034c                cpuss_interrupts_ipc_13_IRQHandler
                0x1008034c                udb_interrupts_11_IRQHandler
                0x1008034c                tcpwm_1_interrupts_18_IRQHandler
                0x1008034c                cpuss_interrupts_dw0_11_IRQHandler
                0x1008034c                tcpwm_0_interrupts_2_IRQHandler
                0x1008034c                cpuss_interrupts_dw0_13_IRQHandler
                0x1008034c                udb_interrupts_2_IRQHandler
                0x1008034c                cpuss_interrupts_dw1_7_IRQHandler
                0x1008034c                ioss_interrupts_gpio_1_IRQHandler
                0x1008034c                ioss_interrupts_gpio_7_IRQHandler
                0x1008034c                scb_5_interrupt_IRQHandler
                0x1008034c                udb_interrupts_6_IRQHandler
                0x1008034c                cpuss_interrupts_fault_1_IRQHandler
                0x1008034c                cpuss_interrupts_ipc_4_IRQHandler
                0x1008034c                cpuss_interrupts_ipc_5_IRQHandler
                0x1008034c                cpuss_interrupts_dw1_10_IRQHandler
                0x1008034c                udb_interrupts_0_IRQHandler
                0x1008034c                tcpwm_1_interrupts_6_IRQHandler
                0x1008034c                scb_4_interrupt_IRQHandler
                0x1008034c                pass_interrupt_dacs_IRQHandler
                0x1008034c                ioss_interrupts_gpio_2_IRQHandler
                0x1008034c                cpuss_interrupts_dw1_9_IRQHandler
                0x1008034c                cpuss_interrupts_dw1_13_IRQHandler
                0x1008034c                scb_2_interrupt_IRQHandler
                0x1008034c                cpuss_interrupts_cm0_cti_0_IRQHandler
                0x1008034c                udb_interrupts_5_IRQHandler
                0x1008034c                srss_interrupt_IRQHandler
                0x1008034c                udb_interrupts_12_IRQHandler
                0x1008034c                scb_0_interrupt_IRQHandler
                0x1008034c                csd_interrupt_IRQHandler
                0x1008034c                udb_interrupts_1_IRQHandler
                0x1008034c                profile_interrupt_IRQHandler
                0x1008034c                tcpwm_1_interrupts_1_IRQHandler
                0x1008034c                cpuss_interrupts_ipc_12_IRQHandler
                0x1008034c                tcpwm_1_interrupts_3_IRQHandler
                0x1008034c                tcpwm_0_interrupts_7_IRQHandler
                0x1008034c                cpuss_interrupts_dw1_1_IRQHandler
                0x1008034c                cpuss_interrupts_dw1_0_IRQHandler
                0x1008034c                cpuss_interrupts_dw0_9_IRQHandler
                0x1008034c                lpcomp_interrupt_IRQHandler
                0x1008034c                tcpwm_1_interrupts_23_IRQHandler
                0x1008034c                udb_interrupts_4_IRQHandler
                0x1008034c                tcpwm_1_interrupts_20_IRQHandler
                0x1008034c                ioss_interrupt_gpio_IRQHandler
                0x1008034c                tcpwm_0_interrupts_1_IRQHandler
                0x1008034c                ioss_interrupts_gpio_8_IRQHandler
                0x1008034c                tcpwm_0_interrupts_6_IRQHandler
                0x1008034c                scb_7_interrupt_IRQHandler
                0x1008034c                tcpwm_1_interrupts_7_IRQHandler
                0x1008034c                cpuss_interrupts_ipc_11_IRQHandler
                0x1008034c                udb_interrupts_13_IRQHandler
                0x1008034c                cpuss_interrupts_dw0_15_IRQHandler
                0x1008034c                udb_interrupts_7_IRQHandler
                0x1008034c                cpuss_interrupts_dw1_6_IRQHandler
                0x1008034c                cpuss_interrupt_crypto_IRQHandler
                0x1008034c                scb_1_interrupt_IRQHandler
                0x1008034c                Default_Handler
                0x1008034c                usb_interrupt_hi_IRQHandler
                0x1008034c                tcpwm_1_interrupts_0_IRQHandler
                0x1008034c                udb_interrupts_9_IRQHandler
                0x1008034c                audioss_interrupt_pdm_IRQHandler
                0x1008034c                srss_interrupt_mcwdt_0_IRQHandler
                0x1008034c                scb_3_interrupt_IRQHandler
                0x1008034c                pass_interrupt_ctbs_IRQHandler
                0x1008034c                udb_interrupts_8_IRQHandler
                0x1008034c                ioss_interrupts_gpio_3_IRQHandler
                0x1008034c                scb_6_interrupt_IRQHandler
                0x1008034c                cpuss_interrupts_cm4_cti_0_IRQHandler
                0x1008034c                cpuss_interrupts_dw1_3_IRQHandler
                0x1008034c                pass_interrupt_sar_IRQHandler
                0x1008034c                ioss_interrupts_gpio_0_IRQHandler
                0x1008034c                ioss_interrupts_gpio_14_IRQHandler
                0x1008034c                tcpwm_0_interrupts_4_IRQHandler
                0x1008034c                udb_interrupts_3_IRQHandler
                0x1008034c                tcpwm_0_interrupts_5_IRQHandler
                0x1008034c                cpuss_interrupts_ipc_15_IRQHandler
                0x1008034c                cpuss_interrupts_cm4_cti_1_IRQHandler
                0x1008034c                scb_8_interrupt_IRQHandler
                0x1008034c                srss_interrupt_mcwdt_1_IRQHandler
                0x1008034c                cpuss_interrupts_dw1_2_IRQHandler
                0x1008034c                SVC_Handler
                0x1008034c                cpuss_interrupts_dw1_5_IRQHandler
                0x1008034c                cpuss_interrupts_ipc_1_IRQHandler
                0x1008034c                cpuss_interrupts_dw0_0_IRQHandler
                0x1008034c                ioss_interrupts_gpio_12_IRQHandler
                0x1008034c                cpuss_interrupts_ipc_3_IRQHandler
                0x1008034c                tcpwm_1_interrupts_17_IRQHandler
                0x1008034c                srss_interrupt_backup_IRQHandler
                0x1008034c                bless_interrupt_IRQHandler
                0x1008034c                cpuss_interrupts_ipc_10_IRQHandler
                0x1008034c                cpuss_interrupts_ipc_9_IRQHandler
                0x1008034c                cpuss_interrupts_dw0_14_IRQHandler
                0x1008034c                tcpwm_1_interrupts_4_IRQHandler
                0x1008034c                tcpwm_0_interrupts_3_IRQHandler
                0x1008034c                cpuss_interrupts_dw1_15_IRQHandler
                0x1008034c                ioss_interrupts_gpio_10_IRQHandler
                0x1008034c                udb_interrupts_10_IRQHandler
                0x1008034c                cpuss_interrupts_dw0_8_IRQHandler
                0x1008034c                ioss_interrupts_gpio_11_IRQHandler
                0x1008034c                cpuss_interrupts_ipc_14_IRQHandler
                0x1008034c                ioss_interrupts_gpio_5_IRQHandler
                0x1008034c                ioss_interrupts_gpio_4_IRQHandler
                0x1008034c                tcpwm_1_interrupts_8_IRQHandler
                0x1008034c                cpuss_interrupts_dw1_14_IRQHandler
                0x1008034c                usb_interrupt_med_IRQHandler
                0x1008034c                cpuss_interrupts_dw0_2_IRQHandler
                0x1008034c                tcpwm_1_interrupts_10_IRQHandler
                0x1008034c                cpuss_interrupts_fault_0_IRQHandler
                0x1008034c                cpuss_interrupts_dw0_12_IRQHandler
                0x1008034c                ioss_interrupts_gpio_6_IRQHandler
                0x1008034c                tcpwm_1_interrupts_21_IRQHandler
                0x1008034c                tcpwm_1_interrupts_16_IRQHandler
                0x1008034c                cpuss_interrupts_dw1_4_IRQHandler
                0x1008034c                udb_interrupts_15_IRQHandler
                0x1008034c                cpuss_interrupts_dw1_11_IRQHandler
                0x1008034c                cpuss_interrupts_dw0_6_IRQHandler
                0x1008034c                ioss_interrupt_vdd_IRQHandler
                0x1008034c                cpuss_interrupts_dw0_7_IRQHandler
                0x1008034c                audioss_interrupt_i2s_IRQHandler
                0x1008034c                tcpwm_1_interrupts_5_IRQHandler
                0x1008034c                cpuss_interrupts_ipc_2_IRQHandler
                0x1008034c                cpuss_interrupts_dw0_10_IRQHandler
                0x1008034c                tcpwm_1_interrupts_19_IRQHandler
                0x1008034c                cpuss_interrupts_dw0_1_IRQHandler
                0x1008034c                ioss_interrupts_gpio_9_IRQHandler
                0x1008034c                usb_interrupt_lo_IRQHandler
                0x1008034c                cpuss_interrupts_ipc_8_IRQHandler
                0x1008034c                udb_interrupts_14_IRQHandler
                0x1008034c                cpuss_interrupts_dw0_3_IRQHandler
                0x10080350                UsageFault_Handler
                0x10080350                HardFault_Handler
                0x10080350                MemManage_Handler
                0x10080350                BusFault_Handler
 *fill*         0x1008036c        0x4 
 .text.uartIrqHandler
                0x10080370      0x1d8 .\CortexM4\ARM_GCC_541\Debug\main_cm4.o
                0x10080370                uartIrqHandler
 .text.main     0x10080548       0xfc .\CortexM4\ARM_GCC_541\Debug\main_cm4.o
                0x10080548                main
 .text.Cy_SysIpcPipeIsrCm4
                0x10080644        0xc .\CortexM4\ARM_GCC_541\Debug\system_psoc6_cm4.o
                0x10080644                Cy_SysIpcPipeIsrCm4
 .text.Cy_SystemInit
                0x10080650        0x4 .\CortexM4\ARM_GCC_541\Debug\system_psoc6_cm4.o
                0x10080650                Cy_SystemInit
 .text.SystemCoreClockUpdate
                0x10080654      0x190 .\CortexM4\ARM_GCC_541\Debug\system_psoc6_cm4.o
                0x10080654                SystemCoreClockUpdate
 .text.SystemInit
                0x100807e4       0x48 .\CortexM4\ARM_GCC_541\Debug\system_psoc6_cm4.o
                0x100807e4                SystemInit
 .text.Cy_SystemInitFpuEnable
                0x1008082c       0x28 .\CortexM4\ARM_GCC_541\Debug\system_psoc6_cm4.o
                0x1008082c                Cy_SystemInitFpuEnable
 .text.ANALYZER_ADC_InitConfig
                0x10080854       0x1c .\CortexM4\ARM_GCC_541\Debug\ANALYZER_ADC.o
                0x10080854                ANALYZER_ADC_InitConfig
 .text.ANALYZER_ADC_StartConvert
                0x10080870       0x24 .\CortexM4\ARM_GCC_541\Debug\ANALYZER_ADC.o
                0x10080870                ANALYZER_ADC_StartConvert
 .text.ANALYZER_ADC_Init
                0x10080894       0x34 .\CortexM4\ARM_GCC_541\Debug\ANALYZER_ADC.o
                0x10080894                ANALYZER_ADC_Init
 .text.ANALYZER_ADC_Start
                0x100808c8       0x2c .\CortexM4\ARM_GCC_541\Debug\ANALYZER_ADC.o
                0x100808c8                ANALYZER_ADC_Start
 .text.ANALYZER_ADC_ISR
                0x100808f4       0x30 .\CortexM4\ARM_GCC_541\Debug\ANALYZER_ADC_INT.o
                0x100808f4                ANALYZER_ADC_ISR
 .text.ANALIZER_PWM_Start
                0x10080924       0x30 .\CortexM4\ARM_GCC_541\Debug\ANALIZER_PWM.o
                0x10080924                ANALIZER_PWM_Start
 .text.ANALYZER_VDAC_Start
                0x10080954       0x30 .\CortexM4\ARM_GCC_541\Debug\ANALYZER_VDAC.o
                0x10080954                ANALYZER_VDAC_Start
 .text.VDAC_DMA_Init
                0x10080984       0x44 .\CortexM4\ARM_GCC_541\Debug\VDAC_DMA.o
                0x10080984                VDAC_DMA_Init
 .text.VDAC_DMA_Start
                0x100809c8       0x58 .\CortexM4\ARM_GCC_541\Debug\VDAC_DMA.o
                0x100809c8                VDAC_DMA_Start
 .text.Cy_CTDAC_ConfigureClock
                0x10080a20      0x3cc .\CortexM4\ARM_GCC_541\Debug\cy_ctdac.o
 .text.Cy_CTDAC_Init
                0x10080dec      0x168 .\CortexM4\ARM_GCC_541\Debug\cy_ctdac.o
                0x10080dec                Cy_CTDAC_Init
 .text.Cy_DMA_Descriptor_Init
                0x10080f54      0x270 .\CortexM4\ARM_GCC_541\Debug\cy_dma.o
                0x10080f54                Cy_DMA_Descriptor_Init
 .text.Cy_DMA_Channel_Init
                0x100811c4       0xe8 .\CortexM4\ARM_GCC_541\Debug\cy_dma.o
                0x100811c4                Cy_DMA_Channel_Init
 .text.Cy_Flash_ProcessOpcode
                0x100812ac       0xac .\CortexM4\ARM_GCC_541\Debug\cy_flash.o
 .text.Cy_Flash_OperationStatus
                0x10081358       0x5c .\CortexM4\ARM_GCC_541\Debug\cy_flash.o
 .text.Cy_Flash_InitExt
                0x100813b4       0x80 .\CortexM4\ARM_GCC_541\Debug\cy_flash.o
                0x100813b4                Cy_Flash_InitExt
 .text.Cy_Flash_Init
                0x10081434       0x10 .\CortexM4\ARM_GCC_541\Debug\cy_flash.o
                0x10081434                Cy_Flash_Init
 .text.Cy_IPC_Drv_LockRelease
                0x10081444       0x3c .\CortexM4\ARM_GCC_541\Debug\cy_ipc_drv.o
                0x10081444                Cy_IPC_Drv_LockRelease
 .text.Cy_IPC_Drv_SendMsgWord
                0x10081480       0x3c .\CortexM4\ARM_GCC_541\Debug\cy_ipc_drv.o
                0x10081480                Cy_IPC_Drv_SendMsgWord
 .text.Cy_IPC_Drv_ReadMsgWord
                0x100814bc       0x38 .\CortexM4\ARM_GCC_541\Debug\cy_ipc_drv.o
                0x100814bc                Cy_IPC_Drv_ReadMsgWord
 .text.Cy_IPC_Sema_InitExt
                0x100814f4       0xac .\CortexM4\ARM_GCC_541\Debug\cy_ipc_sema.o
                0x100814f4                Cy_IPC_Sema_InitExt
 .text.Cy_IPC_Sema_Init
                0x100815a0       0x64 .\CortexM4\ARM_GCC_541\Debug\cy_ipc_sema.o
                0x100815a0                Cy_IPC_Sema_Init
 .text.Cy_IPC_Sema_Clear
                0x10081604       0x88 .\CortexM4\ARM_GCC_541\Debug\cy_ipc_sema.o
                0x10081604                Cy_IPC_Sema_Clear
 .text.Cy_IPC_Sema_Status
                0x1008168c       0x40 .\CortexM4\ARM_GCC_541\Debug\cy_ipc_sema.o
                0x1008168c                Cy_IPC_Sema_Status
 .text.Cy_IPC_Pipe_Config
                0x100816cc       0x10 .\CortexM4\ARM_GCC_541\Debug\cy_ipc_pipe.o
                0x100816cc                Cy_IPC_Pipe_Config
 .text.Cy_IPC_Pipe_EndpointInit
                0x100816dc       0xd0 .\CortexM4\ARM_GCC_541\Debug\cy_ipc_pipe.o
                0x100816dc                Cy_IPC_Pipe_EndpointInit
 .text.Cy_IPC_Pipe_Init
                0x100817ac       0xb4 .\CortexM4\ARM_GCC_541\Debug\cy_ipc_pipe.o
                0x100817ac                Cy_IPC_Pipe_Init
 .text.Cy_IPC_Pipe_SendMessage
                0x10081860       0xa4 .\CortexM4\ARM_GCC_541\Debug\cy_ipc_pipe.o
                0x10081860                Cy_IPC_Pipe_SendMessage
 .text.Cy_IPC_Pipe_RegisterCallback
                0x10081904       0x50 .\CortexM4\ARM_GCC_541\Debug\cy_ipc_pipe.o
                0x10081904                Cy_IPC_Pipe_RegisterCallback
 .text.Cy_IPC_Pipe_ExecCallback
                0x10081954       0xbc .\CortexM4\ARM_GCC_541\Debug\cy_ipc_pipe.o
                0x10081954                Cy_IPC_Pipe_ExecCallback
 .text.Cy_IPC_Pipe_ExecuteCallback
                0x10081a10       0x2c .\CortexM4\ARM_GCC_541\Debug\cy_ipc_pipe.o
                0x10081a10                Cy_IPC_Pipe_ExecuteCallback
 .text.Cy_SAR_Init
                0x10081a3c      0x200 .\CortexM4\ARM_GCC_541\Debug\cy_sar.o
                0x10081a3c                Cy_SAR_Init
 .text.Cy_SAR_DeInit
                0x10081c3c       0x70 .\CortexM4\ARM_GCC_541\Debug\cy_sar.o
                0x10081c3c                Cy_SAR_DeInit
 .text.Cy_SAR_Enable
                0x10081cac       0x20 .\CortexM4\ARM_GCC_541\Debug\cy_sar.o
                0x10081cac                Cy_SAR_Enable
 .text.Cy_SAR_StartConvert
                0x10081ccc       0x2c .\CortexM4\ARM_GCC_541\Debug\cy_sar.o
                0x10081ccc                Cy_SAR_StartConvert
 .text.Cy_SysInt_SetVector
                0x10081cf8       0x48 .\CortexM4\ARM_GCC_541\Debug\cy_sysint.o
                0x10081cf8                Cy_SysInt_SetVector
 .text.Cy_SysInt_Init
                0x10081d40       0x74 .\CortexM4\ARM_GCC_541\Debug\cy_sysint.o
                0x10081d40                Cy_SysInt_Init
 .text.Cy_SysLib_Delay
                0x10081db4       0x30 .\CortexM4\ARM_GCC_541\Debug\cy_syslib.o
                0x10081db4                Cy_SysLib_Delay
 .text.Cy_SysLib_DelayUs
                0x10081de4       0x14 .\CortexM4\ARM_GCC_541\Debug\cy_syslib.o
                0x10081de4                Cy_SysLib_DelayUs
 .text.Cy_SysLib_Halt
                0x10081df8        0x4 .\CortexM4\ARM_GCC_541\Debug\cy_syslib.o
                0x10081df8                Cy_SysLib_Halt
 .text.Cy_SysLib_AssertFailed
                0x10081dfc       0x1c .\CortexM4\ARM_GCC_541\Debug\cy_syslib.o
                0x10081dfc                Cy_SysLib_AssertFailed
 .text.Cy_SysLib_ProcessingFault
                0x10081e18        0x4 .\CortexM4\ARM_GCC_541\Debug\cy_syslib.o
                0x10081e18                Cy_SysLib_ProcessingFault
 .text.Cy_SysLib_FaultHandler
                0x10081e1c       0xa4 .\CortexM4\ARM_GCC_541\Debug\cy_syslib.o
                0x10081e1c                Cy_SysLib_FaultHandler
 .text          0x10081ec0       0x20 .\CortexM4\ARM_GCC_541\Debug\cy_syslib_gcc.o
                0x10081ec0                Cy_SysLib_DelayCycles
                0x10081ed2                Cy_SysLib_EnterCriticalSection
                0x10081eda                Cy_SysLib_ExitCriticalSection
 .text.Cy_TCPWM_PWM_Init
                0x10081ee0      0x16c .\CortexM4\ARM_GCC_541\Debug\cy_tcpwm_pwm.o
                0x10081ee0                Cy_TCPWM_PWM_Init
 .text.Cy_PDL_Init
                0x1008204c        0xc .\CortexM4\ARM_GCC_541\Debug\cy_device.o
                0x1008204c                Cy_PDL_Init
 .text.Cy_SCB_ReadArrayNoCheck
                0x10082058       0x38 .\CortexM4\ARM_GCC_541\Debug\cy_scb_common.o
                0x10082058                Cy_SCB_ReadArrayNoCheck
 .text.Cy_SCB_ReadArray
                0x10082090       0x1c .\CortexM4\ARM_GCC_541\Debug\cy_scb_common.o
                0x10082090                Cy_SCB_ReadArray
 .text.Cy_SCB_UART_Init
                0x100820ac      0x364 .\CortexM4\ARM_GCC_541\Debug\cy_scb_uart.o
                0x100820ac                Cy_SCB_UART_Init
 .text.ANALYZER_UART_Start
                0x10082410       0x34 .\CortexM4\ARM_GCC_541\Debug\ANALYZER_UART.o
                0x10082410                ANALYZER_UART_Start
 .text.ADC_DMA_Init
                0x10082444       0x44 .\CortexM4\ARM_GCC_541\Debug\ADC_DMA.o
                0x10082444                ADC_DMA_Init
 .text.ADC_DMA_Start
                0x10082488       0x5c .\CortexM4\ARM_GCC_541\Debug\ADC_DMA.o
                0x10082488                ADC_DMA_Start
 *fill*         0x100824e4        0x4 
 .text.floor    0x100824e8      0x110 c:/program files (x86)/cypress/psoc creator/4.4/psoc creator/import/gnu/arm/5.4.1/bin/../lib/gcc/arm-none-eabi/5.4.1/../../../../arm-none-eabi/lib/armv7e-m/softfp\libm.a(lib_a-s_floor.o)
                0x100824e8                floor
 .text.round    0x100825f8       0x9c c:/program files (x86)/cypress/psoc creator/4.4/psoc creator/import/gnu/arm/5.4.1/bin/../lib/gcc/arm-none-eabi/5.4.1/../../../../arm-none-eabi/lib/armv7e-m/softfp\libm.a(lib_a-s_round.o)
                0x100825f8                round
 .text.sin      0x10082694       0x88 c:/program files (x86)/cypress/psoc creator/4.4/psoc creator/import/gnu/arm/5.4.1/bin/../lib/gcc/arm-none-eabi/5.4.1/../../../../arm-none-eabi/lib/armv7e-m/softfp\libm.a(lib_a-s_sin.o)
                0x10082694                sin
 *fill*         0x1008271c        0x4 
 .text.__ieee754_rem_pio2
                0x10082720      0x43c c:/program files (x86)/cypress/psoc creator/4.4/psoc creator/import/gnu/arm/5.4.1/bin/../lib/gcc/arm-none-eabi/5.4.1/../../../../arm-none-eabi/lib/armv7e-m/softfp\libm.a(lib_a-e_rem_pio2.o)
                0x10082720                __ieee754_rem_pio2
 *fill*         0x10082b5c        0x4 
 .text.__kernel_cos
                0x10082b60      0x24c c:/program files (x86)/cypress/psoc creator/4.4/psoc creator/import/gnu/arm/5.4.1/bin/../lib/gcc/arm-none-eabi/5.4.1/../../../../arm-none-eabi/lib/armv7e-m/softfp\libm.a(lib_a-k_cos.o)
                0x10082b60                __kernel_cos
 *fill*         0x10082dac        0x4 
 .text.__kernel_rem_pio2
                0x10082db0      0x804 c:/program files (x86)/cypress/psoc creator/4.4/psoc creator/import/gnu/arm/5.4.1/bin/../lib/gcc/arm-none-eabi/5.4.1/../../../../arm-none-eabi/lib/armv7e-m/softfp\libm.a(lib_a-k_rem_pio2.o)
                0x10082db0                __kernel_rem_pio2
 *fill*         0x100835b4        0x4 
 .text.__kernel_sin
                0x100835b8      0x16c c:/program files (x86)/cypress/psoc creator/4.4/psoc creator/import/gnu/arm/5.4.1/bin/../lib/gcc/arm-none-eabi/5.4.1/../../../../arm-none-eabi/lib/armv7e-m/softfp\libm.a(lib_a-k_sin.o)
                0x100835b8                __kernel_sin
 .text.fabs     0x10083724        0x8 c:/program files (x86)/cypress/psoc creator/4.4/psoc creator/import/gnu/arm/5.4.1/bin/../lib/gcc/arm-none-eabi/5.4.1/../../../../arm-none-eabi/lib/armv7e-m/softfp\libm.a(lib_a-s_fabs.o)
                0x10083724                fabs
 *fill*         0x1008372c        0x4 
 .text.scalbn   0x10083730       0xfc c:/program files (x86)/cypress/psoc creator/4.4/psoc creator/import/gnu/arm/5.4.1/bin/../lib/gcc/arm-none-eabi/5.4.1/../../../../arm-none-eabi/lib/armv7e-m/softfp\libm.a(lib_a-s_scalbn.o)
                0x10083730                scalbn
 .text.copysign
                0x1008382c       0x10 c:/program files (x86)/cypress/psoc creator/4.4/psoc creator/import/gnu/arm/5.4.1/bin/../lib/gcc/arm-none-eabi/5.4.1/../../../../arm-none-eabi/lib/armv7e-m/softfp\libm.a(lib_a-s_copysign.o)
                0x1008382c                copysign
 .text          0x1008383c      0x370 c:/program files (x86)/cypress/psoc creator/4.4/psoc creator/import/gnu/arm/5.4.1/bin/../lib/gcc/arm-none-eabi/5.4.1/armv7e-m/softfp\libgcc.a(_arm_addsubdf3.o)
                0x1008383c                __aeabi_drsub
                0x10083844                __aeabi_dsub
                0x10083844                __subdf3
                0x10083848                __aeabi_dadd
                0x10083848                __adddf3
                0x10083ac0                __floatunsidf
                0x10083ac0                __aeabi_ui2d
                0x10083ae0                __floatsidf
                0x10083ae0                __aeabi_i2d
                0x10083b04                __aeabi_f2d
                0x10083b04                __extendsfdf2
                0x10083b40                __floatundidf
                0x10083b40                __aeabi_ul2d
                0x10083b50                __floatdidf
                0x10083b50                __aeabi_l2d
 .text          0x10083bac      0x424 c:/program files (x86)/cypress/psoc creator/4.4/psoc creator/import/gnu/arm/5.4.1/bin/../lib/gcc/arm-none-eabi/5.4.1/armv7e-m/softfp\libgcc.a(_arm_muldivdf3.o)
                0x10083bac                __aeabi_dmul
                0x10083bac                __muldf3
                0x10083e00                __divdf3
                0x10083e00                __aeabi_ddiv
 .text          0x10083fd0      0x110 c:/program files (x86)/cypress/psoc creator/4.4/psoc creator/import/gnu/arm/5.4.1/bin/../lib/gcc/arm-none-eabi/5.4.1/armv7e-m/softfp\libgcc.a(_arm_cmpdf2.o)
                0x10083fd0                __gtdf2
                0x10083fd0                __gedf2
                0x10083fd8                __ltdf2
                0x10083fd8                __ledf2
                0x10083fe0                __nedf2
                0x10083fe0                __eqdf2
                0x10083fe0                __cmpdf2
                0x1008405c                __aeabi_cdrcmple
                0x1008406c                __aeabi_cdcmpeq
                0x1008406c                __aeabi_cdcmple
                0x1008407c                __aeabi_dcmpeq
                0x10084090                __aeabi_dcmplt
                0x100840a4                __aeabi_dcmple
                0x100840b8                __aeabi_dcmpge
                0x100840cc                __aeabi_dcmpgt
 .text          0x100840e0       0x50 c:/program files (x86)/cypress/psoc creator/4.4/psoc creator/import/gnu/arm/5.4.1/bin/../lib/gcc/arm-none-eabi/5.4.1/armv7e-m/softfp\libgcc.a(_arm_fixdfsi.o)
                0x100840e0                __aeabi_d2iz
                0x100840e0                __fixdfsi
 .text          0x10084130       0x40 c:/program files (x86)/cypress/psoc creator/4.4/psoc creator/import/gnu/arm/5.4.1/bin/../lib/gcc/arm-none-eabi/5.4.1/armv7e-m/softfp\libgcc.a(_arm_fixunsdfsi.o)
                0x10084130                __aeabi_d2uiz
                0x10084130                __fixunsdfsi
 .text.memset   0x10084170       0x10 c:/program files (x86)/cypress/psoc creator/4.4/psoc creator/import/gnu/arm/5.4.1/bin/../lib/gcc/arm-none-eabi/5.4.1/../../../../arm-none-eabi/lib/armv7e-m/softfp\libg_nano.a(lib_a-memset.o)
                0x10084170                memset
 .text.strncpy  0x10084180       0x26 c:/program files (x86)/cypress/psoc creator/4.4/psoc creator/import/gnu/arm/5.4.1/bin/../lib/gcc/arm-none-eabi/5.4.1/../../../../arm-none-eabi/lib/armv7e-m/softfp\libg_nano.a(lib_a-strncpy.o)
                0x10084180                strncpy
 *(.init)
 *fill*         0x100841a6        0x2 
 .init          0x100841a8        0x4 c:/program files (x86)/cypress/psoc creator/4.4/psoc creator/import/gnu/arm/5.4.1/bin/../lib/gcc/arm-none-eabi/5.4.1/armv7e-m/softfp/crti.o
                0x100841a8                _init
 .init          0x100841ac        0x8 c:/program files (x86)/cypress/psoc creator/4.4/psoc creator/import/gnu/arm/5.4.1/bin/../lib/gcc/arm-none-eabi/5.4.1/armv7e-m/softfp/crtn.o
 *(.fini)
 .fini          0x100841b4        0x4 c:/program files (x86)/cypress/psoc creator/4.4/psoc creator/import/gnu/arm/5.4.1/bin/../lib/gcc/arm-none-eabi/5.4.1/armv7e-m/softfp/crti.o
                0x100841b4                _fini
 .fini          0x100841b8        0x8 c:/program files (x86)/cypress/psoc creator/4.4/psoc creator/import/gnu/arm/5.4.1/bin/../lib/gcc/arm-none-eabi/5.4.1/armv7e-m/softfp/crtn.o
 *crtbegin.o(.ctors)
 *crtbegin?.o(.ctors)
 *(EXCLUDE_FILE(*crtend.o *crtend?.o) .ctors)
 *(SORT(.ctors.*))
 *(.ctors)
 *crtbegin.o(.dtors)
 *crtbegin?.o(.dtors)
 *(EXCLUDE_FILE(*crtend.o *crtend?.o) .dtors)
 *(SORT(.dtors.*))
 *(.dtors)
 *(.rodata .rodata.* .constdata .constdata.* .conststring .conststring.*)
 .rodata        0x100841c0       0x34 .\CortexM4\ARM_GCC_541\Debug\system_psoc6_cm4.o
 .rodata        0x100841f4       0x10 .\CortexM4\ARM_GCC_541\Debug\cyfitter_sysint_cfg.o
                0x100841f4                ANALYZER_ADC_IRQ_cfg
                0x100841fc                UART_INTERRUPT_cfg
 .rodata.str1.4
                0x10084204       0x3b .\CortexM4\ARM_GCC_541\Debug\ANALYZER_ADC_INT.o
 *fill*         0x1008423f        0x1 
 .rodata        0x10084240       0x88 .\CortexM4\ARM_GCC_541\Debug\ANALYZER_ADC_INIT.o
                0x10084240                ANALYZER_ADC_allConfigs
 .rodata        0x100842c8       0x64 .\CortexM4\ARM_GCC_541\Debug\ANALIZER_PWM.o
                0x100842c8                ANALIZER_PWM_config
 .rodata        0x1008432c       0x34 .\CortexM4\ARM_GCC_541\Debug\ANALYZER_VDAC.o
                0x1008432c                ANALYZER_VDAC_ctdacConfig
 .rodata        0x10084360       0x30 .\CortexM4\ARM_GCC_541\Debug\VDAC_DMA.o
                0x10084360                VDAC_DMA_vdacDmaDescriptor_config
 .rodata.str1.4
                0x10084390       0x3b .\CortexM4\ARM_GCC_541\Debug\VDAC_DMA.o
 *fill*         0x100843cb        0x1 
 .rodata.str1.4
                0x100843cc       0x3f .\CortexM4\ARM_GCC_541\Debug\cy_ctdac.o
 *fill*         0x1008440b        0x1 
 .rodata.str1.4
                0x1008440c       0x77 .\CortexM4\ARM_GCC_541\Debug\cy_dma.o
 *fill*         0x10084483        0x1 
 .rodata.str1.4
                0x10084484       0x3f .\CortexM4\ARM_GCC_541\Debug\cy_flash.o
 *fill*         0x100844c3        0x1 
 .rodata.str1.4
                0x100844c4       0x7f .\CortexM4\ARM_GCC_541\Debug\cy_ipc_drv.o
 .rodata.str1.4
                0x10084543       0x3f .\CortexM4\ARM_GCC_541\Debug\cy_ipc_sema.o
 *fill*         0x10084543        0x1 
 .rodata.str1.4
                0x10084544       0x40 .\CortexM4\ARM_GCC_541\Debug\cy_ipc_pipe.o
                                 0x7f (size before relaxing)
 .rodata.str1.4
                0x10084584       0x3b .\CortexM4\ARM_GCC_541\Debug\cy_sar.o
 *fill*         0x100845bf        0x1 
 .rodata.str1.4
                0x100845c0       0x41 .\CortexM4\ARM_GCC_541\Debug\cy_sysint.o
 *fill*         0x10084601        0x3 
 .rodata        0x10084604      0x170 .\CortexM4\ARM_GCC_541\Debug\cy_device.o
                0x10084604                cy_deviceIpBlockCfgPSoC6_02
                0x100846bc                cy_deviceIpBlockCfgPSoC6_01
 .rodata.str1.4
                0x10084774       0xc4 .\CortexM4\ARM_GCC_541\Debug\cy_scb_uart.o
 .rodata        0x10084838       0x40 .\CortexM4\ARM_GCC_541\Debug\ANALYZER_UART.o
                0x10084838                ANALYZER_UART_config
 .rodata        0x10084878       0x30 .\CortexM4\ARM_GCC_541\Debug\ADC_DMA.o
                0x10084878                ADC_DMA_adcDmaDescriptor_config
 .rodata.str1.4
                0x100848a8       0x3b .\CortexM4\ARM_GCC_541\Debug\ADC_DMA.o
 .rodata.npio2_hw
                0x100848a8       0x80 c:/program files (x86)/cypress/psoc creator/4.4/psoc creator/import/gnu/arm/5.4.1/bin/../lib/gcc/arm-none-eabi/5.4.1/../../../../arm-none-eabi/lib/armv7e-m/softfp\libm.a(lib_a-e_rem_pio2.o)
 .rodata.two_over_pi
                0x10084928      0x108 c:/program files (x86)/cypress/psoc creator/4.4/psoc creator/import/gnu/arm/5.4.1/bin/../lib/gcc/arm-none-eabi/5.4.1/../../../../arm-none-eabi/lib/armv7e-m/softfp\libm.a(lib_a-e_rem_pio2.o)
 .rodata.init_jk
                0x10084a30       0x10 c:/program files (x86)/cypress/psoc creator/4.4/psoc creator/import/gnu/arm/5.4.1/bin/../lib/gcc/arm-none-eabi/5.4.1/../../../../arm-none-eabi/lib/armv7e-m/softfp\libm.a(lib_a-k_rem_pio2.o)
 .rodata.PIo2   0x10084a40       0x40 c:/program files (x86)/cypress/psoc creator/4.4/psoc creator/import/gnu/arm/5.4.1/bin/../lib/gcc/arm-none-eabi/5.4.1/../../../../arm-none-eabi/lib/armv7e-m/softfp\libm.a(lib_a-k_rem_pio2.o)
 *(.eh_frame*)
 .eh_frame      0x10084a80        0x0 c:/program files (x86)/cypress/psoc creator/4.4/psoc creator/import/gnu/arm/5.4.1/bin/../lib/gcc/arm-none-eabi/5.4.1/armv7e-m/softfp/crtbegin.o
 .eh_frame      0x10084a80        0x4 c:/program files (x86)/cypress/psoc creator/4.4/psoc creator/import/gnu/arm/5.4.1/bin/../lib/gcc/arm-none-eabi/5.4.1/armv7e-m/softfp/crtend.o

.glue_7         0x10084a84        0x0
 .glue_7        0x10084a84        0x0 linker stubs

.glue_7t        0x10084a84        0x0
 .glue_7t       0x10084a84        0x0 linker stubs

.vfp11_veneer   0x10084a84        0x0
 .vfp11_veneer  0x10084a84        0x0 linker stubs

.v4_bx          0x10084a84        0x0
 .v4_bx         0x10084a84        0x0 linker stubs

.iplt           0x10084a84        0x0
 .iplt          0x10084a84        0x0 c:/program files (x86)/cypress/psoc creator/4.4/psoc creator/import/gnu/arm/5.4.1/bin/../lib/gcc/arm-none-eabi/5.4.1/armv7e-m/softfp/crtbegin.o

.ARM.extab
 *(.ARM.extab* .gnu.linkonce.armextab.*)
                0x10084a84                __exidx_start = .

.ARM.exidx
 *(.ARM.exidx* .gnu.linkonce.armexidx.*)
                0x10084a84                __exidx_end = .

.copy.table     0x10084a84       0x18
                0x10084a84                . = ALIGN (0x4)
                0x10084a84                __copy_table_start__ = .
                0x10084a84        0x4 LONG 0x10080000 __Vectors
                0x10084a88        0x4 LONG 0x8024000 __ram_vectors_start__
                0x10084a8c        0x4 LONG 0x28c (__Vectors_End - __Vectors)
                0x10084a90        0x4 LONG 0x10084aa4 __etext
                0x10084a94        0x4 LONG 0x802428c __data_start__
                0x10084a98        0x4 LONG 0x5cc (__data_end__ - __data_start__)
                0x10084a9c                __copy_table_end__ = .

.zero.table     0x10084a9c        0x8
                0x10084a9c                . = ALIGN (0x4)
                0x10084a9c                __zero_table_start__ = .
                0x10084a9c        0x4 LONG 0x80248ec __bss_start__
                0x10084aa0        0x4 LONG 0x338 (__bss_end__ - __bss_start__)
                0x10084aa4                __zero_table_end__ = .
                0x10084aa4                __etext = .

.ramVectors     0x08024000      0x28c
                0x08024000                __ram_vectors_start__ = .
 *(.ram_vectors)
 .ram_vectors   0x08024000      0x28c .\CortexM4\ARM_GCC_541\Debug\startup_psoc6_01_cm4.o
                0x08024000                __ramVectors
                0x0802428c                __ram_vectors_end__ = .

.data           0x0802428c      0x5cc load address 0x10084aa4
                0x0802428c                __data_start__ = .
 *(vtable)
 *(.data*)
 .data          0x0802428c       0x20 .\CortexM4\ARM_GCC_541\Debug\system_psoc6_cm4.o
                0x0802428c                cy_BleEcoClockFreqHz
                0x08024290                cy_Hfclk0FreqHz
                0x08024294                cy_PeriClkFreqHz
                0x08024298                SystemCoreClock
                0x0802429c                cy_delayFreqHz
                0x080242a0                cy_delayFreqMhz
                0x080242a4                cy_delayFreqKhz
                0x080242a8                cy_delay32kMs
                0x080242ac                . = ALIGN (0x4)
                0x080242ac                PROVIDE (__preinit_array_start, .)
 *(.preinit_array)
                0x080242ac                PROVIDE (__preinit_array_end, .)
                0x080242ac                . = ALIGN (0x4)
                0x080242ac                PROVIDE (__init_array_start, .)
 *(SORT(.init_array.*))
 *(.init_array)
 .init_array    0x080242ac        0x4 c:/program files (x86)/cypress/psoc creator/4.4/psoc creator/import/gnu/arm/5.4.1/bin/../lib/gcc/arm-none-eabi/5.4.1/armv7e-m/softfp/crtbegin.o
                0x080242b0                PROVIDE (__init_array_end, .)
                0x080242b0                . = ALIGN (0x4)
                [!provide]                PROVIDE (__fini_array_start, .)
 *(SORT(.fini_array.*))
 *(.fini_array)
 .fini_array    0x080242b0        0x4 c:/program files (x86)/cypress/psoc creator/4.4/psoc creator/import/gnu/arm/5.4.1/bin/../lib/gcc/arm-none-eabi/5.4.1/armv7e-m/softfp/crtbegin.o
                [!provide]                PROVIDE (__fini_array_end, .)
 *(.jcr*)
 .jcr           0x080242b4        0x0 c:/program files (x86)/cypress/psoc creator/4.4/psoc creator/import/gnu/arm/5.4.1/bin/../lib/gcc/arm-none-eabi/5.4.1/armv7e-m/softfp/crtbegin.o
 .jcr           0x080242b4        0x4 c:/program files (x86)/cypress/psoc creator/4.4/psoc creator/import/gnu/arm/5.4.1/bin/../lib/gcc/arm-none-eabi/5.4.1/armv7e-m/softfp/crtend.o
                0x080242b8                . = ALIGN (0x4)
 *(.cy_ramfunc*)
 .cy_ramfunc    0x080242b8      0x300 .\CortexM4\ARM_GCC_541\Debug\cy_flash.o
                0x08024324                Cy_Flash_ResumeIrqHandler
 .cy_ramfunc    0x080245b8      0x21c .\CortexM4\ARM_GCC_541\Debug\cy_syspm.o
 *fill*         0x080247d4        0x4 
 .cy_ramfunc.__stub
                0x080247d8       0x80 linker stubs
                0x08024858                . = ALIGN (0x4)
                0x08024858                __data_end__ = .

.igot.plt       0x08024858        0x0 load address 0x10085070
 .igot.plt      0x08024858        0x0 c:/program files (x86)/cypress/psoc creator/4.4/psoc creator/import/gnu/arm/5.4.1/bin/../lib/gcc/arm-none-eabi/5.4.1/armv7e-m/softfp/crtbegin.o

.noinit         0x08024858       0x94 load address 0x10085070
 *(.noinit)
 .noinit        0x08024858       0x94 .\CortexM4\ARM_GCC_541\Debug\cy_syslib.o
                0x08024858                cy_assertFileName
                0x08024870                cy_assertLine
                0x08024874                cy_faultFrame

.bss            0x080248ec      0x338 load address 0x10085104
                0x080248ec                . = ALIGN (0x4)
                0x080248ec                __bss_start__ = .
 *(.bss*)
 .bss           0x080248ec       0x1c c:/program files (x86)/cypress/psoc creator/4.4/psoc creator/import/gnu/arm/5.4.1/bin/../lib/gcc/arm-none-eabi/5.4.1/armv7e-m/softfp/crtbegin.o
 .bss           0x08024908      0x180 .\CortexM4\ARM_GCC_541\Debug\system_psoc6_cm4.o
 .bss           0x08024a88        0x6 .\CortexM4\ARM_GCC_541\Debug\ANALYZER_ADC.o
                0x08024a88                ANALYZER_ADC_currentConfig
                0x08024a8c                ANALYZER_ADC_initVar
                0x08024a8d                ANALYZER_ADC_selected
 .bss           0x08024a8e        0x1 .\CortexM4\ARM_GCC_541\Debug\ANALIZER_PWM.o
                0x08024a8e                ANALIZER_PWM_initVar
 *fill*         0x08024a8f        0x1 
 .bss           0x08024a90        0x8 .\CortexM4\ARM_GCC_541\Debug\ANALYZER_VDAC.o
                0x08024a90                ANALYZER_VDAC_initVar
 .bss           0x08024a98       0x19 .\CortexM4\ARM_GCC_541\Debug\VDAC_DMA.o
                0x08024a98                VDAC_DMA_vdacDmaDescriptor
                0x08024ab0                VDAC_DMA_initVar
 *fill*         0x08024ab1        0x3 
 .bss           0x08024ab4       0x18 .\CortexM4\ARM_GCC_541\Debug\cy_flash.o
 .bss           0x08024acc        0xc .\CortexM4\ARM_GCC_541\Debug\cy_ipc_sema.o
 .bss           0x08024ad8        0x4 .\CortexM4\ARM_GCC_541\Debug\cy_ipc_pipe.o
 .bss           0x08024adc       0x3c .\CortexM4\ARM_GCC_541\Debug\cy_syspm.o
 .bss           0x08024b18        0x1 .\CortexM4\ARM_GCC_541\Debug\ANALYZER_UART.o
                0x08024b18                ANALYZER_UART_initVar
 *fill*         0x08024b19        0x3 
 .bss           0x08024b1c       0x19 .\CortexM4\ARM_GCC_541\Debug\ADC_DMA.o
                0x08024b1c                ADC_DMA_adcDmaDescriptor
                0x08024b34                ADC_DMA_initVar
 *(COMMON)
 *fill*         0x08024b35        0x3 
 COMMON         0x08024b38       0x50 .\CortexM4\ARM_GCC_541\Debug\main_cm4.o
                0x08024b38                y
 COMMON         0x08024b88       0x60 .\CortexM4\ARM_GCC_541\Debug\cy_sar.o
                0x08024b88                Cy_SAR_offset
                0x08024ba8                Cy_SAR_countsPer10Volt
 COMMON         0x08024be8        0x4 .\CortexM4\ARM_GCC_541\Debug\cy_device.o
                0x08024be8                cy_device
 COMMON         0x08024bec       0x38 .\CortexM4\ARM_GCC_541\Debug\ANALYZER_UART.o
                0x08024bec                ANALYZER_UART_context
                0x08024c24                . = ALIGN (0x4)
                0x08024c24                __bss_end__ = .

.heap           0x08024c28      0x400
                0x08024c28                __HeapBase = .
                0x08024c28                __end__ = .
                0x08024c28                end = __end__
 *(.heap*)
 .heap          0x08024c28      0x400 .\CortexM4\ARM_GCC_541\Debug\startup_psoc6_01_cm4.o
                0x08025028                __HeapLimit = .

.stack_dummy    0x08024c28     0x1000
 *(.stack*)
 .stack         0x08024c28     0x1000 .\CortexM4\ARM_GCC_541\Debug\startup_psoc6_01_cm4.o
                0x08047800                __StackTop = (ORIGIN (ram) + LENGTH (ram))
                0x08046800                __StackLimit = (__StackTop - SIZEOF (.stack_dummy))
                0x08047800                PROVIDE (__stack, __StackTop)
                0x00000001                ASSERT ((__StackLimit >= __HeapLimit), region RAM overflowed with stack)

.cy_app_signature
 *(.cy_app_signature)

.cy_em_eeprom
 *(.cy_em_eeprom)

.cy_sflash_user_data
 *(.cy_sflash_user_data)

.cy_sflash_nar
 *(.cy_sflash_nar)

.cy_sflash_public_key
 *(.cy_sflash_public_key)

.cy_toc_part2
 *(.cy_toc_part2)

.cy_rtoc_part2
 *(.cy_rtoc_part2)

.cy_xip
 *(.cy_xip)

.cy_efuse
 *(.cy_efuse)

.cymeta         0x90500000        0xc
 *(.cymeta)
 .cymeta        0x90500000        0xc .\CortexM4\ARM_GCC_541\Debug\cymetadata.o
                0x90500000                cy_metadata
                0x10000000                __cy_memory_0_start = 0x10000000
                0x00100000                __cy_memory_0_length = 0x100000
                0x00000200                __cy_memory_0_row_size = 0x200
                0x14000000                __cy_memory_1_start = 0x14000000
                0x00008000                __cy_memory_1_length = 0x8000
                0x00000200                __cy_memory_1_row_size = 0x200
                0x16000000                __cy_memory_2_start = 0x16000000
                0x00008000                __cy_memory_2_length = 0x8000
                0x00000200                __cy_memory_2_row_size = 0x200
                0x18000000                __cy_memory_3_start = 0x18000000
                0x08000000                __cy_memory_3_length = 0x8000000
                0x00000200                __cy_memory_3_row_size = 0x200
                0x90700000                __cy_memory_4_start = 0x90700000
                0x00100000                __cy_memory_4_length = 0x100000
                0x00000001                __cy_memory_4_row_size = 0x1
OUTPUT(C:\Users\Ramon\Desktop\git\channel-analyzer-fw\Channel Analyszer\Channel Analyzer.cydsn\CortexM4\ARM_GCC_541\Debug\Channel Analyzer_link.elf elf32-littlearm)

.rel.dyn        0x08024c24        0x0 load address 0x98560824
 .rel.iplt      0x08024c24        0x0 c:/program files (x86)/cypress/psoc creator/4.4/psoc creator/import/gnu/arm/5.4.1/bin/../lib/gcc/arm-none-eabi/5.4.1/armv7e-m/softfp/crtbegin.o

.ARM.attributes
                0x00000000       0x2e
 .ARM.attributes
                0x00000000       0x22 c:/program files (x86)/cypress/psoc creator/4.4/psoc creator/import/gnu/arm/5.4.1/bin/../lib/gcc/arm-none-eabi/5.4.1/armv7e-m/softfp/crti.o
 .ARM.attributes
                0x00000022       0x32 c:/program files (x86)/cypress/psoc creator/4.4/psoc creator/import/gnu/arm/5.4.1/bin/../lib/gcc/arm-none-eabi/5.4.1/armv7e-m/softfp/crtbegin.o
 .ARM.attributes
                0x00000054       0x1f .\CortexM4\ARM_GCC_541\Debug\startup_psoc6_01_cm4.o
 .ARM.attributes
                0x00000073       0x37 .\CortexM4\ARM_GCC_541\Debug\main_cm4.o
 .ARM.attributes
                0x000000aa       0x37 .\CortexM4\ARM_GCC_541\Debug\system_psoc6_cm4.o
 .ARM.attributes
                0x000000e1       0x37 .\CortexM4\ARM_GCC_541\Debug\cyfitter_sysint_cfg.o
 .ARM.attributes
                0x00000118       0x37 .\CortexM4\ARM_GCC_541\Debug\cymetadata.o
 .ARM.attributes
                0x0000014f       0x37 .\CortexM4\ARM_GCC_541\Debug\ANALYZER_ADC.o
 .ARM.attributes
                0x00000186       0x37 .\CortexM4\ARM_GCC_541\Debug\ANALYZER_ADC_INT.o
 .ARM.attributes
                0x000001bd       0x37 .\CortexM4\ARM_GCC_541\Debug\ANALYZER_ADC_INIT.o
 .ARM.attributes
                0x000001f4       0x37 .\CortexM4\ARM_GCC_541\Debug\ANALIZER_PWM.o
 .ARM.attributes
                0x0000022b       0x37 .\CortexM4\ARM_GCC_541\Debug\ANALYZER_VDAC.o
 .ARM.attributes
                0x00000262       0x37 .\CortexM4\ARM_GCC_541\Debug\VDAC_DMA.o
 .ARM.attributes
                0x00000299       0x37 .\CortexM4\ARM_GCC_541\Debug\cy_ctdac.o
 .ARM.attributes
                0x000002d0       0x37 .\CortexM4\ARM_GCC_541\Debug\cy_dma.o
 .ARM.attributes
                0x00000307       0x37 .\CortexM4\ARM_GCC_541\Debug\cy_flash.o
 .ARM.attributes
                0x0000033e       0x37 .\CortexM4\ARM_GCC_541\Debug\cy_ipc_drv.o
 .ARM.attributes
                0x00000375       0x37 .\CortexM4\ARM_GCC_541\Debug\cy_ipc_sema.o
 .ARM.attributes
                0x000003ac       0x37 .\CortexM4\ARM_GCC_541\Debug\cy_ipc_pipe.o
 .ARM.attributes
                0x000003e3       0x37 .\CortexM4\ARM_GCC_541\Debug\cy_sar.o
 .ARM.attributes
                0x0000041a       0x37 .\CortexM4\ARM_GCC_541\Debug\cy_sysint.o
 .ARM.attributes
                0x00000451       0x37 .\CortexM4\ARM_GCC_541\Debug\cy_syslib.o
 .ARM.attributes
                0x00000488       0x25 .\CortexM4\ARM_GCC_541\Debug\cy_syslib_gcc.o
 .ARM.attributes
                0x000004ad       0x37 .\CortexM4\ARM_GCC_541\Debug\cy_syspm.o
 .ARM.attributes
                0x000004e4       0x37 .\CortexM4\ARM_GCC_541\Debug\cy_tcpwm_pwm.o
 .ARM.attributes
                0x0000051b       0x37 .\CortexM4\ARM_GCC_541\Debug\cy_device.o
 .ARM.attributes
                0x00000552       0x37 .\CortexM4\ARM_GCC_541\Debug\cy_scb_common.o
 .ARM.attributes
                0x00000589       0x37 .\CortexM4\ARM_GCC_541\Debug\cy_scb_uart.o
 .ARM.attributes
                0x000005c0       0x37 .\CortexM4\ARM_GCC_541\Debug\ANALYZER_UART.o
 .ARM.attributes
                0x000005f7       0x37 .\CortexM4\ARM_GCC_541\Debug\ADC_DMA.o
 .ARM.attributes
                0x0000062e       0x32 c:/program files (x86)/cypress/psoc creator/4.4/psoc creator/import/gnu/arm/5.4.1/bin/../lib/gcc/arm-none-eabi/5.4.1/../../../../arm-none-eabi/lib/armv7e-m/softfp\libm.a(lib_a-s_floor.o)
 .ARM.attributes
                0x00000660       0x32 c:/program files (x86)/cypress/psoc creator/4.4/psoc creator/import/gnu/arm/5.4.1/bin/../lib/gcc/arm-none-eabi/5.4.1/../../../../arm-none-eabi/lib/armv7e-m/softfp\libm.a(lib_a-s_round.o)
 .ARM.attributes
                0x00000692       0x32 c:/program files (x86)/cypress/psoc creator/4.4/psoc creator/import/gnu/arm/5.4.1/bin/../lib/gcc/arm-none-eabi/5.4.1/../../../../arm-none-eabi/lib/armv7e-m/softfp\libm.a(lib_a-s_sin.o)
 .ARM.attributes
                0x000006c4       0x32 c:/program files (x86)/cypress/psoc creator/4.4/psoc creator/import/gnu/arm/5.4.1/bin/../lib/gcc/arm-none-eabi/5.4.1/../../../../arm-none-eabi/lib/armv7e-m/softfp\libm.a(lib_a-e_rem_pio2.o)
 .ARM.attributes
                0x000006f6       0x32 c:/program files (x86)/cypress/psoc creator/4.4/psoc creator/import/gnu/arm/5.4.1/bin/../lib/gcc/arm-none-eabi/5.4.1/../../../../arm-none-eabi/lib/armv7e-m/softfp\libm.a(lib_a-k_cos.o)
 .ARM.attributes
                0x00000728       0x32 c:/program files (x86)/cypress/psoc creator/4.4/psoc creator/import/gnu/arm/5.4.1/bin/../lib/gcc/arm-none-eabi/5.4.1/../../../../arm-none-eabi/lib/armv7e-m/softfp\libm.a(lib_a-k_rem_pio2.o)
 .ARM.attributes
                0x0000075a       0x32 c:/program files (x86)/cypress/psoc creator/4.4/psoc creator/import/gnu/arm/5.4.1/bin/../lib/gcc/arm-none-eabi/5.4.1/../../../../arm-none-eabi/lib/armv7e-m/softfp\libm.a(lib_a-k_sin.o)
 .ARM.attributes
                0x0000078c       0x32 c:/program files (x86)/cypress/psoc creator/4.4/psoc creator/import/gnu/arm/5.4.1/bin/../lib/gcc/arm-none-eabi/5.4.1/../../../../arm-none-eabi/lib/armv7e-m/softfp\libm.a(lib_a-s_fabs.o)
 .ARM.attributes
                0x000007be       0x32 c:/program files (x86)/cypress/psoc creator/4.4/psoc creator/import/gnu/arm/5.4.1/bin/../lib/gcc/arm-none-eabi/5.4.1/../../../../arm-none-eabi/lib/armv7e-m/softfp\libm.a(lib_a-s_scalbn.o)
 .ARM.attributes
                0x000007f0       0x32 c:/program files (x86)/cypress/psoc creator/4.4/psoc creator/import/gnu/arm/5.4.1/bin/../lib/gcc/arm-none-eabi/5.4.1/../../../../arm-none-eabi/lib/armv7e-m/softfp\libm.a(lib_a-s_copysign.o)
 .ARM.attributes
                0x00000822       0x22 c:/program files (x86)/cypress/psoc creator/4.4/psoc creator/import/gnu/arm/5.4.1/bin/../lib/gcc/arm-none-eabi/5.4.1/armv7e-m/softfp\libgcc.a(_arm_addsubdf3.o)
 .ARM.attributes
                0x00000844       0x22 c:/program files (x86)/cypress/psoc creator/4.4/psoc creator/import/gnu/arm/5.4.1/bin/../lib/gcc/arm-none-eabi/5.4.1/armv7e-m/softfp\libgcc.a(_arm_muldivdf3.o)
 .ARM.attributes
                0x00000866       0x22 c:/program files (x86)/cypress/psoc creator/4.4/psoc creator/import/gnu/arm/5.4.1/bin/../lib/gcc/arm-none-eabi/5.4.1/armv7e-m/softfp\libgcc.a(_arm_cmpdf2.o)
 .ARM.attributes
                0x00000888       0x22 c:/program files (x86)/cypress/psoc creator/4.4/psoc creator/import/gnu/arm/5.4.1/bin/../lib/gcc/arm-none-eabi/5.4.1/armv7e-m/softfp\libgcc.a(_arm_fixdfsi.o)
 .ARM.attributes
                0x000008aa       0x22 c:/program files (x86)/cypress/psoc creator/4.4/psoc creator/import/gnu/arm/5.4.1/bin/../lib/gcc/arm-none-eabi/5.4.1/armv7e-m/softfp\libgcc.a(_arm_fixunsdfsi.o)
 .ARM.attributes
                0x000008cc       0x32 c:/program files (x86)/cypress/psoc creator/4.4/psoc creator/import/gnu/arm/5.4.1/bin/../lib/gcc/arm-none-eabi/5.4.1/../../../../arm-none-eabi/lib/armv7e-m/softfp\libg_nano.a(lib_a-memset.o)
 .ARM.attributes
                0x000008fe       0x32 c:/program files (x86)/cypress/psoc creator/4.4/psoc creator/import/gnu/arm/5.4.1/bin/../lib/gcc/arm-none-eabi/5.4.1/../../../../arm-none-eabi/lib/armv7e-m/softfp\libg_nano.a(lib_a-strncpy.o)
 .ARM.attributes
                0x00000930       0x32 c:/program files (x86)/cypress/psoc creator/4.4/psoc creator/import/gnu/arm/5.4.1/bin/../lib/gcc/arm-none-eabi/5.4.1/armv7e-m/softfp/crtend.o
 .ARM.attributes
                0x00000962       0x22 c:/program files (x86)/cypress/psoc creator/4.4/psoc creator/import/gnu/arm/5.4.1/bin/../lib/gcc/arm-none-eabi/5.4.1/armv7e-m/softfp/crtn.o

.comment        0x00000000       0x6e
 .comment       0x00000000       0x6e .\CortexM4\ARM_GCC_541\Debug\main_cm4.o
                                 0x6f (size before relaxing)
 .comment       0x0000006e       0x6f .\CortexM4\ARM_GCC_541\Debug\system_psoc6_cm4.o
 .comment       0x0000006e       0x6f .\CortexM4\ARM_GCC_541\Debug\cyfitter_sysint_cfg.o
 .comment       0x0000006e       0x6f .\CortexM4\ARM_GCC_541\Debug\cymetadata.o
 .comment       0x0000006e       0x6f .\CortexM4\ARM_GCC_541\Debug\ANALYZER_ADC.o
 .comment       0x0000006e       0x6f .\CortexM4\ARM_GCC_541\Debug\ANALYZER_ADC_INT.o
 .comment       0x0000006e       0x6f .\CortexM4\ARM_GCC_541\Debug\ANALYZER_ADC_INIT.o
 .comment       0x0000006e       0x6f .\CortexM4\ARM_GCC_541\Debug\ANALIZER_PWM.o
 .comment       0x0000006e       0x6f .\CortexM4\ARM_GCC_541\Debug\ANALYZER_VDAC.o
 .comment       0x0000006e       0x6f .\CortexM4\ARM_GCC_541\Debug\VDAC_DMA.o
 .comment       0x0000006e       0x6f .\CortexM4\ARM_GCC_541\Debug\cy_ctdac.o
 .comment       0x0000006e       0x6f .\CortexM4\ARM_GCC_541\Debug\cy_dma.o
 .comment       0x0000006e       0x6f .\CortexM4\ARM_GCC_541\Debug\cy_flash.o
 .comment       0x0000006e       0x6f .\CortexM4\ARM_GCC_541\Debug\cy_ipc_drv.o
 .comment       0x0000006e       0x6f .\CortexM4\ARM_GCC_541\Debug\cy_ipc_sema.o
 .comment       0x0000006e       0x6f .\CortexM4\ARM_GCC_541\Debug\cy_ipc_pipe.o
 .comment       0x0000006e       0x6f .\CortexM4\ARM_GCC_541\Debug\cy_sar.o
 .comment       0x0000006e       0x6f .\CortexM4\ARM_GCC_541\Debug\cy_sysint.o
 .comment       0x0000006e       0x6f .\CortexM4\ARM_GCC_541\Debug\cy_syslib.o
 .comment       0x0000006e       0x6f .\CortexM4\ARM_GCC_541\Debug\cy_syspm.o
 .comment       0x0000006e       0x6f .\CortexM4\ARM_GCC_541\Debug\cy_tcpwm_pwm.o
 .comment       0x0000006e       0x6f .\CortexM4\ARM_GCC_541\Debug\cy_device.o
 .comment       0x0000006e       0x6f .\CortexM4\ARM_GCC_541\Debug\cy_scb_common.o
 .comment       0x0000006e       0x6f .\CortexM4\ARM_GCC_541\Debug\cy_scb_uart.o
 .comment       0x0000006e       0x6f .\CortexM4\ARM_GCC_541\Debug\ANALYZER_UART.o
 .comment       0x0000006e       0x6f .\CortexM4\ARM_GCC_541\Debug\ADC_DMA.o

.debug_line     0x00000000     0x7286
 .debug_line    0x00000000       0x8e .\CortexM4\ARM_GCC_541\Debug\startup_psoc6_01_cm4.o
 .debug_line    0x0000008e      0x684 .\CortexM4\ARM_GCC_541\Debug\main_cm4.o
 .debug_line    0x00000712      0x41b .\CortexM4\ARM_GCC_541\Debug\system_psoc6_cm4.o
 .debug_line    0x00000b2d      0x244 .\CortexM4\ARM_GCC_541\Debug\cyfitter_sysint_cfg.o
 .debug_line    0x00000d71      0x141 .\CortexM4\ARM_GCC_541\Debug\cymetadata.o
 .debug_line    0x00000eb2      0x46e .\CortexM4\ARM_GCC_541\Debug\ANALYZER_ADC.o
 .debug_line    0x00001320      0x2f1 .\CortexM4\ARM_GCC_541\Debug\ANALYZER_ADC_INT.o
 .debug_line    0x00001611      0x24c .\CortexM4\ARM_GCC_541\Debug\ANALYZER_ADC_INIT.o
 .debug_line    0x0000185d      0x269 .\CortexM4\ARM_GCC_541\Debug\ANALIZER_PWM.o
 .debug_line    0x00001ac6      0x36c .\CortexM4\ARM_GCC_541\Debug\ANALYZER_VDAC.o
 .debug_line    0x00001e32      0x30c .\CortexM4\ARM_GCC_541\Debug\VDAC_DMA.o
 .debug_line    0x0000213e      0x62b .\CortexM4\ARM_GCC_541\Debug\cy_ctdac.o
 .debug_line    0x00002769      0x4cd .\CortexM4\ARM_GCC_541\Debug\cy_dma.o
 .debug_line    0x00002c36      0x7c9 .\CortexM4\ARM_GCC_541\Debug\cy_flash.o
 .debug_line    0x000033ff      0x333 .\CortexM4\ARM_GCC_541\Debug\cy_ipc_drv.o
 .debug_line    0x00003732      0x3fc .\CortexM4\ARM_GCC_541\Debug\cy_ipc_sema.o
 .debug_line    0x00003b2e      0x566 .\CortexM4\ARM_GCC_541\Debug\cy_ipc_pipe.o
 .debug_line    0x00004094      0x6db .\CortexM4\ARM_GCC_541\Debug\cy_sar.o
 .debug_line    0x0000476f      0x2d0 .\CortexM4\ARM_GCC_541\Debug\cy_sysint.o
 .debug_line    0x00004a3f      0x468 .\CortexM4\ARM_GCC_541\Debug\cy_syslib.o
 .debug_line    0x00004ea7       0x89 .\CortexM4\ARM_GCC_541\Debug\cy_syslib_gcc.o
 .debug_line    0x00004f30      0xa4f .\CortexM4\ARM_GCC_541\Debug\cy_syspm.o
 .debug_line    0x0000597f      0x2c3 .\CortexM4\ARM_GCC_541\Debug\cy_tcpwm_pwm.o
 .debug_line    0x00005c42      0x17e .\CortexM4\ARM_GCC_541\Debug\cy_device.o
 .debug_line    0x00005dc0      0x4ce .\CortexM4\ARM_GCC_541\Debug\cy_scb_common.o
 .debug_line    0x0000628e      0xa55 .\CortexM4\ARM_GCC_541\Debug\cy_scb_uart.o
 .debug_line    0x00006ce3      0x298 .\CortexM4\ARM_GCC_541\Debug\ANALYZER_UART.o
 .debug_line    0x00006f7b      0x30b .\CortexM4\ARM_GCC_541\Debug\ADC_DMA.o

.debug_info     0x00000000    0x21727
 .debug_info    0x00000000       0x9b .\CortexM4\ARM_GCC_541\Debug\startup_psoc6_01_cm4.o
 .debug_info    0x0000009b     0x2762 .\CortexM4\ARM_GCC_541\Debug\main_cm4.o
 .debug_info    0x000027fd     0x1c58 .\CortexM4\ARM_GCC_541\Debug\system_psoc6_cm4.o
 .debug_info    0x00004455      0xa02 .\CortexM4\ARM_GCC_541\Debug\cyfitter_sysint_cfg.o
 .debug_info    0x00004e57       0xac .\CortexM4\ARM_GCC_541\Debug\cymetadata.o
 .debug_info    0x00004f03     0x16ae .\CortexM4\ARM_GCC_541\Debug\ANALYZER_ADC.o
 .debug_info    0x000065b1      0xc65 .\CortexM4\ARM_GCC_541\Debug\ANALYZER_ADC_INT.o
 .debug_info    0x00007216      0x7b9 .\CortexM4\ARM_GCC_541\Debug\ANALYZER_ADC_INIT.o
 .debug_info    0x000079cf      0x580 .\CortexM4\ARM_GCC_541\Debug\ANALIZER_PWM.o
 .debug_info    0x00007f4f      0xc91 .\CortexM4\ARM_GCC_541\Debug\ANALYZER_VDAC.o
 .debug_info    0x00008be0      0xd96 .\CortexM4\ARM_GCC_541\Debug\VDAC_DMA.o
 .debug_info    0x00009976     0x1ac9 .\CortexM4\ARM_GCC_541\Debug\cy_ctdac.o
 .debug_info    0x0000b43f     0x13b7 .\CortexM4\ARM_GCC_541\Debug\cy_dma.o
 .debug_info    0x0000c7f6     0x2aaa .\CortexM4\ARM_GCC_541\Debug\cy_flash.o
 .debug_info    0x0000f2a0      0x9ab .\CortexM4\ARM_GCC_541\Debug\cy_ipc_drv.o
 .debug_info    0x0000fc4b      0xcc3 .\CortexM4\ARM_GCC_541\Debug\cy_ipc_sema.o
 .debug_info    0x0001090e     0x19f7 .\CortexM4\ARM_GCC_541\Debug\cy_ipc_pipe.o
 .debug_info    0x00012305     0x1ad0 .\CortexM4\ARM_GCC_541\Debug\cy_sar.o
 .debug_info    0x00013dd5      0xebc .\CortexM4\ARM_GCC_541\Debug\cy_sysint.o
 .debug_info    0x00014c91     0x259a .\CortexM4\ARM_GCC_541\Debug\cy_syslib.o
 .debug_info    0x0001722b       0xc9 .\CortexM4\ARM_GCC_541\Debug\cy_syslib_gcc.o
 .debug_info    0x000172f4     0x40bf .\CortexM4\ARM_GCC_541\Debug\cy_syspm.o
 .debug_info    0x0001b3b3      0x52a .\CortexM4\ARM_GCC_541\Debug\cy_tcpwm_pwm.o
 .debug_info    0x0001b8dd      0x551 .\CortexM4\ARM_GCC_541\Debug\cy_device.o
 .debug_info    0x0001be2e     0x1257 .\CortexM4\ARM_GCC_541\Debug\cy_scb_common.o
 .debug_info    0x0001d085     0x2a67 .\CortexM4\ARM_GCC_541\Debug\cy_scb_uart.o
 .debug_info    0x0001faec      0xea5 .\CortexM4\ARM_GCC_541\Debug\ANALYZER_UART.o
 .debug_info    0x00020991      0xd96 .\CortexM4\ARM_GCC_541\Debug\ADC_DMA.o

.debug_abbrev   0x00000000     0x3964
 .debug_abbrev  0x00000000       0x14 .\CortexM4\ARM_GCC_541\Debug\startup_psoc6_01_cm4.o
 .debug_abbrev  0x00000014      0x364 .\CortexM4\ARM_GCC_541\Debug\main_cm4.o
 .debug_abbrev  0x00000378      0x249 .\CortexM4\ARM_GCC_541\Debug\system_psoc6_cm4.o
 .debug_abbrev  0x000005c1       0xfd .\CortexM4\ARM_GCC_541\Debug\cyfitter_sysint_cfg.o
 .debug_abbrev  0x000006be       0x5d .\CortexM4\ARM_GCC_541\Debug\cymetadata.o
 .debug_abbrev  0x0000071b      0x2d5 .\CortexM4\ARM_GCC_541\Debug\ANALYZER_ADC.o
 .debug_abbrev  0x000009f0      0x1c3 .\CortexM4\ARM_GCC_541\Debug\ANALYZER_ADC_INT.o
 .debug_abbrev  0x00000bb3      0x115 .\CortexM4\ARM_GCC_541\Debug\ANALYZER_ADC_INIT.o
 .debug_abbrev  0x00000cc8      0x170 .\CortexM4\ARM_GCC_541\Debug\ANALIZER_PWM.o
 .debug_abbrev  0x00000e38      0x232 .\CortexM4\ARM_GCC_541\Debug\ANALYZER_VDAC.o
 .debug_abbrev  0x0000106a      0x1fe .\CortexM4\ARM_GCC_541\Debug\VDAC_DMA.o
 .debug_abbrev  0x00001268      0x2bc .\CortexM4\ARM_GCC_541\Debug\cy_ctdac.o
 .debug_abbrev  0x00001524      0x2b0 .\CortexM4\ARM_GCC_541\Debug\cy_dma.o
 .debug_abbrev  0x000017d4      0x365 .\CortexM4\ARM_GCC_541\Debug\cy_flash.o
 .debug_abbrev  0x00001b39      0x197 .\CortexM4\ARM_GCC_541\Debug\cy_ipc_drv.o
 .debug_abbrev  0x00001cd0      0x228 .\CortexM4\ARM_GCC_541\Debug\cy_ipc_sema.o
 .debug_abbrev  0x00001ef8      0x33a .\CortexM4\ARM_GCC_541\Debug\cy_ipc_pipe.o
 .debug_abbrev  0x00002232      0x2d3 .\CortexM4\ARM_GCC_541\Debug\cy_sar.o
 .debug_abbrev  0x00002505      0x23f .\CortexM4\ARM_GCC_541\Debug\cy_sysint.o
 .debug_abbrev  0x00002744      0x337 .\CortexM4\ARM_GCC_541\Debug\cy_syslib.o
 .debug_abbrev  0x00002a7b       0x14 .\CortexM4\ARM_GCC_541\Debug\cy_syslib_gcc.o
 .debug_abbrev  0x00002a8f      0x320 .\CortexM4\ARM_GCC_541\Debug\cy_syspm.o
 .debug_abbrev  0x00002daf      0x174 .\CortexM4\ARM_GCC_541\Debug\cy_tcpwm_pwm.o
 .debug_abbrev  0x00002f23       0x9d .\CortexM4\ARM_GCC_541\Debug\cy_device.o
 .debug_abbrev  0x00002fc0      0x2ae .\CortexM4\ARM_GCC_541\Debug\cy_scb_common.o
 .debug_abbrev  0x0000326e      0x341 .\CortexM4\ARM_GCC_541\Debug\cy_scb_uart.o
 .debug_abbrev  0x000035af      0x1b7 .\CortexM4\ARM_GCC_541\Debug\ANALYZER_UART.o
 .debug_abbrev  0x00003766      0x1fe .\CortexM4\ARM_GCC_541\Debug\ADC_DMA.o

.debug_aranges  0x00000000      0x8d0
 .debug_aranges
                0x00000000       0x20 .\CortexM4\ARM_GCC_541\Debug\startup_psoc6_01_cm4.o
 .debug_aranges
                0x00000020       0x28 .\CortexM4\ARM_GCC_541\Debug\main_cm4.o
 .debug_aranges
                0x00000048       0x40 .\CortexM4\ARM_GCC_541\Debug\system_psoc6_cm4.o
 .debug_aranges
                0x00000088       0x18 .\CortexM4\ARM_GCC_541\Debug\cyfitter_sysint_cfg.o
 .debug_aranges
                0x000000a0       0x18 .\CortexM4\ARM_GCC_541\Debug\cymetadata.o
 .debug_aranges
                0x000000b8       0x78 .\CortexM4\ARM_GCC_541\Debug\ANALYZER_ADC.o
 .debug_aranges
                0x00000130       0x20 .\CortexM4\ARM_GCC_541\Debug\ANALYZER_ADC_INT.o
 .debug_aranges
                0x00000150       0x18 .\CortexM4\ARM_GCC_541\Debug\ANALYZER_ADC_INIT.o
 .debug_aranges
                0x00000168       0x20 .\CortexM4\ARM_GCC_541\Debug\ANALIZER_PWM.o
 .debug_aranges
                0x00000188       0x38 .\CortexM4\ARM_GCC_541\Debug\ANALYZER_VDAC.o
 .debug_aranges
                0x000001c0       0x28 .\CortexM4\ARM_GCC_541\Debug\VDAC_DMA.o
 .debug_aranges
                0x000001e8       0x78 .\CortexM4\ARM_GCC_541\Debug\cy_ctdac.o
 .debug_aranges
                0x00000260       0x58 .\CortexM4\ARM_GCC_541\Debug\cy_dma.o
 .debug_aranges
                0x000002b8       0xb8 .\CortexM4\ARM_GCC_541\Debug\cy_flash.o
 .debug_aranges
                0x00000370       0x30 .\CortexM4\ARM_GCC_541\Debug\cy_ipc_drv.o
 .debug_aranges
                0x000003a0       0x48 .\CortexM4\ARM_GCC_541\Debug\cy_ipc_sema.o
 .debug_aranges
                0x000003e8       0x68 .\CortexM4\ARM_GCC_541\Debug\cy_ipc_pipe.o
 .debug_aranges
                0x00000450       0xe0 .\CortexM4\ARM_GCC_541\Debug\cy_sar.o
 .debug_aranges
                0x00000530       0x30 .\CortexM4\ARM_GCC_541\Debug\cy_sysint.o
 .debug_aranges
                0x00000560       0x78 .\CortexM4\ARM_GCC_541\Debug\cy_syslib.o
 .debug_aranges
                0x000005d8       0x20 .\CortexM4\ARM_GCC_541\Debug\cy_syslib_gcc.o
 .debug_aranges
                0x000005f8      0x118 .\CortexM4\ARM_GCC_541\Debug\cy_syspm.o
 .debug_aranges
                0x00000710       0x28 .\CortexM4\ARM_GCC_541\Debug\cy_tcpwm_pwm.o
 .debug_aranges
                0x00000738       0x20 .\CortexM4\ARM_GCC_541\Debug\cy_device.o
 .debug_aranges
                0x00000758       0x68 .\CortexM4\ARM_GCC_541\Debug\cy_scb_common.o
 .debug_aranges
                0x000007c0       0xc8 .\CortexM4\ARM_GCC_541\Debug\cy_scb_uart.o
 .debug_aranges
                0x00000888       0x20 .\CortexM4\ARM_GCC_541\Debug\ANALYZER_UART.o
 .debug_aranges
                0x000008a8       0x28 .\CortexM4\ARM_GCC_541\Debug\ADC_DMA.o

.debug_loc      0x00000000     0x749f
 .debug_loc     0x00000000      0x27d .\CortexM4\ARM_GCC_541\Debug\main_cm4.o
 .debug_loc     0x0000027d      0x1fe .\CortexM4\ARM_GCC_541\Debug\system_psoc6_cm4.o
 .debug_loc     0x0000047b      0x219 .\CortexM4\ARM_GCC_541\Debug\ANALYZER_ADC.o
 .debug_loc     0x00000694       0x48 .\CortexM4\ARM_GCC_541\Debug\ANALYZER_ADC_INT.o
 .debug_loc     0x000006dc       0x58 .\CortexM4\ARM_GCC_541\Debug\ANALIZER_PWM.o
 .debug_loc     0x00000734       0x18 .\CortexM4\ARM_GCC_541\Debug\ANALYZER_VDAC.o
 .debug_loc     0x0000074c       0xf2 .\CortexM4\ARM_GCC_541\Debug\VDAC_DMA.o
 .debug_loc     0x0000083e      0xb76 .\CortexM4\ARM_GCC_541\Debug\cy_ctdac.o
 .debug_loc     0x000013b4      0x515 .\CortexM4\ARM_GCC_541\Debug\cy_dma.o
 .debug_loc     0x000018c9      0xd86 .\CortexM4\ARM_GCC_541\Debug\cy_flash.o
 .debug_loc     0x0000264f      0x2a1 .\CortexM4\ARM_GCC_541\Debug\cy_ipc_drv.o
 .debug_loc     0x000028f0      0x76b .\CortexM4\ARM_GCC_541\Debug\cy_ipc_sema.o
 .debug_loc     0x0000305b      0x7e2 .\CortexM4\ARM_GCC_541\Debug\cy_ipc_pipe.o
 .debug_loc     0x0000383d      0xeaa .\CortexM4\ARM_GCC_541\Debug\cy_sar.o
 .debug_loc     0x000046e7      0x223 .\CortexM4\ARM_GCC_541\Debug\cy_sysint.o
 .debug_loc     0x0000490a      0x215 .\CortexM4\ARM_GCC_541\Debug\cy_syslib.o
 .debug_loc     0x00004b1f      0xe8f .\CortexM4\ARM_GCC_541\Debug\cy_syspm.o
 .debug_loc     0x000059ae       0xd9 .\CortexM4\ARM_GCC_541\Debug\cy_tcpwm_pwm.o
 .debug_loc     0x00005a87      0x588 .\CortexM4\ARM_GCC_541\Debug\cy_scb_common.o
 .debug_loc     0x0000600f     0x1386 .\CortexM4\ARM_GCC_541\Debug\cy_scb_uart.o
 .debug_loc     0x00007395       0x18 .\CortexM4\ARM_GCC_541\Debug\ANALYZER_UART.o
 .debug_loc     0x000073ad       0xf2 .\CortexM4\ARM_GCC_541\Debug\ADC_DMA.o

.debug_ranges   0x00000000      0x790
 .debug_ranges  0x00000000       0x18 .\CortexM4\ARM_GCC_541\Debug\main_cm4.o
 .debug_ranges  0x00000018       0x48 .\CortexM4\ARM_GCC_541\Debug\system_psoc6_cm4.o
 .debug_ranges  0x00000060       0x68 .\CortexM4\ARM_GCC_541\Debug\ANALYZER_ADC.o
 .debug_ranges  0x000000c8       0x10 .\CortexM4\ARM_GCC_541\Debug\ANALYZER_ADC_INT.o
 .debug_ranges  0x000000d8       0x10 .\CortexM4\ARM_GCC_541\Debug\ANALIZER_PWM.o
 .debug_ranges  0x000000e8       0x28 .\CortexM4\ARM_GCC_541\Debug\ANALYZER_VDAC.o
 .debug_ranges  0x00000110       0x18 .\CortexM4\ARM_GCC_541\Debug\VDAC_DMA.o
 .debug_ranges  0x00000128       0x68 .\CortexM4\ARM_GCC_541\Debug\cy_ctdac.o
 .debug_ranges  0x00000190       0x48 .\CortexM4\ARM_GCC_541\Debug\cy_dma.o
 .debug_ranges  0x000001d8       0xd0 .\CortexM4\ARM_GCC_541\Debug\cy_flash.o
 .debug_ranges  0x000002a8       0x20 .\CortexM4\ARM_GCC_541\Debug\cy_ipc_drv.o
 .debug_ranges  0x000002c8       0x38 .\CortexM4\ARM_GCC_541\Debug\cy_ipc_sema.o
 .debug_ranges  0x00000300       0x58 .\CortexM4\ARM_GCC_541\Debug\cy_ipc_pipe.o
 .debug_ranges  0x00000358       0xd0 .\CortexM4\ARM_GCC_541\Debug\cy_sar.o
 .debug_ranges  0x00000428       0x20 .\CortexM4\ARM_GCC_541\Debug\cy_sysint.o
 .debug_ranges  0x00000448       0x68 .\CortexM4\ARM_GCC_541\Debug\cy_syslib.o
 .debug_ranges  0x000004b0      0x138 .\CortexM4\ARM_GCC_541\Debug\cy_syspm.o
 .debug_ranges  0x000005e8       0x18 .\CortexM4\ARM_GCC_541\Debug\cy_tcpwm_pwm.o
 .debug_ranges  0x00000600       0x10 .\CortexM4\ARM_GCC_541\Debug\cy_device.o
 .debug_ranges  0x00000610       0x88 .\CortexM4\ARM_GCC_541\Debug\cy_scb_common.o
 .debug_ranges  0x00000698       0xd0 .\CortexM4\ARM_GCC_541\Debug\cy_scb_uart.o
 .debug_ranges  0x00000768       0x10 .\CortexM4\ARM_GCC_541\Debug\ANALYZER_UART.o
 .debug_ranges  0x00000778       0x18 .\CortexM4\ARM_GCC_541\Debug\ADC_DMA.o

.debug_str      0x00000000     0x91c5
 .debug_str     0x00000000     0x2a7e .\CortexM4\ARM_GCC_541\Debug\main_cm4.o
                               0x2b5d (size before relaxing)
 .debug_str     0x00002a7e      0xb57 .\CortexM4\ARM_GCC_541\Debug\system_psoc6_cm4.o
                               0x2469 (size before relaxing)
 .debug_str     0x000035d5       0x42 .\CortexM4\ARM_GCC_541\Debug\cyfitter_sysint_cfg.o
                               0x1853 (size before relaxing)
 .debug_str     0x00003617       0x30 .\CortexM4\ARM_GCC_541\Debug\cymetadata.o
                                0x1da (size before relaxing)
 .debug_str     0x00003647      0x465 .\CortexM4\ARM_GCC_541\Debug\ANALYZER_ADC.o
                               0x2180 (size before relaxing)
 .debug_str     0x00003aac       0x77 .\CortexM4\ARM_GCC_541\Debug\ANALYZER_ADC_INT.o
                                0xd59 (size before relaxing)
 .debug_str     0x00003b23       0x42 .\CortexM4\ARM_GCC_541\Debug\ANALYZER_ADC_INIT.o
                                0xa13 (size before relaxing)
 .debug_str     0x00003b65      0x12a .\CortexM4\ARM_GCC_541\Debug\ANALIZER_PWM.o
                                0x584 (size before relaxing)
 .debug_str     0x00003c8f      0x3d6 .\CortexM4\ARM_GCC_541\Debug\ANALYZER_VDAC.o
                               0x1107 (size before relaxing)
 .debug_str     0x00004065      0x59f .\CortexM4\ARM_GCC_541\Debug\VDAC_DMA.o
                                0xe57 (size before relaxing)
 .debug_str     0x00004604      0x7ab .\CortexM4\ARM_GCC_541\Debug\cy_ctdac.o
                               0x1812 (size before relaxing)
 .debug_str     0x00004daf      0x231 .\CortexM4\ARM_GCC_541\Debug\cy_dma.o
                                0xfdc (size before relaxing)
 .debug_str     0x00004fe0     0x105b .\CortexM4\ARM_GCC_541\Debug\cy_flash.o
                               0x2e48 (size before relaxing)
 .debug_str     0x0000603b       0xfd .\CortexM4\ARM_GCC_541\Debug\cy_ipc_drv.o
                                0xa13 (size before relaxing)
 .debug_str     0x00006138       0xe1 .\CortexM4\ARM_GCC_541\Debug\cy_ipc_sema.o
                                0xc00 (size before relaxing)
 .debug_str     0x00006219      0x306 .\CortexM4\ARM_GCC_541\Debug\cy_ipc_pipe.o
                               0x2123 (size before relaxing)
 .debug_str     0x0000651f      0x539 .\CortexM4\ARM_GCC_541\Debug\cy_sar.o
                               0x14f9 (size before relaxing)
 .debug_str     0x00006a58       0xdf .\CortexM4\ARM_GCC_541\Debug\cy_sysint.o
                               0x19f4 (size before relaxing)
 .debug_str     0x00006b37      0xa92 .\CortexM4\ARM_GCC_541\Debug\cy_syslib.o
                               0x1d46 (size before relaxing)
 .debug_str     0x000075c9      0xfe6 .\CortexM4\ARM_GCC_541\Debug\cy_syspm.o
                               0x2c0d (size before relaxing)
 .debug_str     0x000085af       0x97 .\CortexM4\ARM_GCC_541\Debug\cy_tcpwm_pwm.o
                                0x57d (size before relaxing)
 .debug_str     0x00008646       0x5d .\CortexM4\ARM_GCC_541\Debug\cy_device.o
                                0x7e8 (size before relaxing)
 .debug_str     0x000086a3      0x1db .\CortexM4\ARM_GCC_541\Debug\cy_scb_common.o
                                0xd3c (size before relaxing)
 .debug_str     0x0000887e      0x87e .\CortexM4\ARM_GCC_541\Debug\cy_scb_uart.o
                               0x176c (size before relaxing)
 .debug_str     0x000090fc       0x52 .\CortexM4\ARM_GCC_541\Debug\ANALYZER_UART.o
                               0x1031 (size before relaxing)
 .debug_str     0x0000914e       0x77 .\CortexM4\ARM_GCC_541\Debug\ADC_DMA.o
                                0xe4f (size before relaxing)

.debug_frame    0x00000000     0x1afc
 .debug_frame   0x00000000       0x70 .\CortexM4\ARM_GCC_541\Debug\main_cm4.o
 .debug_frame   0x00000070       0x84 .\CortexM4\ARM_GCC_541\Debug\system_psoc6_cm4.o
 .debug_frame   0x000000f4      0x150 .\CortexM4\ARM_GCC_541\Debug\ANALYZER_ADC.o
 .debug_frame   0x00000244       0x2c .\CortexM4\ARM_GCC_541\Debug\ANALYZER_ADC_INT.o
 .debug_frame   0x00000270       0x2c .\CortexM4\ARM_GCC_541\Debug\ANALIZER_PWM.o
 .debug_frame   0x0000029c       0x5c .\CortexM4\ARM_GCC_541\Debug\ANALYZER_VDAC.o
 .debug_frame   0x000002f8       0x50 .\CortexM4\ARM_GCC_541\Debug\VDAC_DMA.o
 .debug_frame   0x00000348      0x1a0 .\CortexM4\ARM_GCC_541\Debug\cy_ctdac.o
 .debug_frame   0x000004e8      0x130 .\CortexM4\ARM_GCC_541\Debug\cy_dma.o
 .debug_frame   0x00000618      0x258 .\CortexM4\ARM_GCC_541\Debug\cy_flash.o
 .debug_frame   0x00000870       0x70 .\CortexM4\ARM_GCC_541\Debug\cy_ipc_drv.o
 .debug_frame   0x000008e0       0xd8 .\CortexM4\ARM_GCC_541\Debug\cy_ipc_sema.o
 .debug_frame   0x000009b8      0x164 .\CortexM4\ARM_GCC_541\Debug\cy_ipc_pipe.o
 .debug_frame   0x00000b1c      0x328 .\CortexM4\ARM_GCC_541\Debug\cy_sar.o
 .debug_frame   0x00000e44       0x7c .\CortexM4\ARM_GCC_541\Debug\cy_sysint.o
 .debug_frame   0x00000ec0      0x12c .\CortexM4\ARM_GCC_541\Debug\cy_syslib.o
 .debug_frame   0x00000fec      0x3dc .\CortexM4\ARM_GCC_541\Debug\cy_syspm.o
 .debug_frame   0x000013c8       0x6c .\CortexM4\ARM_GCC_541\Debug\cy_tcpwm_pwm.o
 .debug_frame   0x00001434       0x20 .\CortexM4\ARM_GCC_541\Debug\cy_device.o
 .debug_frame   0x00001454      0x12c .\CortexM4\ARM_GCC_541\Debug\cy_scb_common.o
 .debug_frame   0x00001580      0x27c .\CortexM4\ARM_GCC_541\Debug\cy_scb_uart.o
 .debug_frame   0x000017fc       0x2c .\CortexM4\ARM_GCC_541\Debug\ANALYZER_UART.o
 .debug_frame   0x00001828       0x50 .\CortexM4\ARM_GCC_541\Debug\ADC_DMA.o
 .debug_frame   0x00001878       0x30 c:/program files (x86)/cypress/psoc creator/4.4/psoc creator/import/gnu/arm/5.4.1/bin/../lib/gcc/arm-none-eabi/5.4.1/../../../../arm-none-eabi/lib/armv7e-m/softfp\libm.a(lib_a-s_floor.o)
 .debug_frame   0x000018a8       0x30 c:/program files (x86)/cypress/psoc creator/4.4/psoc creator/import/gnu/arm/5.4.1/bin/../lib/gcc/arm-none-eabi/5.4.1/../../../../arm-none-eabi/lib/armv7e-m/softfp\libm.a(lib_a-s_round.o)
 .debug_frame   0x000018d8       0x40 c:/program files (x86)/cypress/psoc creator/4.4/psoc creator/import/gnu/arm/5.4.1/bin/../lib/gcc/arm-none-eabi/5.4.1/../../../../arm-none-eabi/lib/armv7e-m/softfp\libm.a(lib_a-s_sin.o)
 .debug_frame   0x00001918       0x48 c:/program files (x86)/cypress/psoc creator/4.4/psoc creator/import/gnu/arm/5.4.1/bin/../lib/gcc/arm-none-eabi/5.4.1/../../../../arm-none-eabi/lib/armv7e-m/softfp\libm.a(lib_a-e_rem_pio2.o)
 .debug_frame   0x00001960       0x4c c:/program files (x86)/cypress/psoc creator/4.4/psoc creator/import/gnu/arm/5.4.1/bin/../lib/gcc/arm-none-eabi/5.4.1/../../../../arm-none-eabi/lib/armv7e-m/softfp\libm.a(lib_a-k_cos.o)
 .debug_frame   0x000019ac       0x50 c:/program files (x86)/cypress/psoc creator/4.4/psoc creator/import/gnu/arm/5.4.1/bin/../lib/gcc/arm-none-eabi/5.4.1/../../../../arm-none-eabi/lib/armv7e-m/softfp\libm.a(lib_a-k_rem_pio2.o)
 .debug_frame   0x000019fc       0x48 c:/program files (x86)/cypress/psoc creator/4.4/psoc creator/import/gnu/arm/5.4.1/bin/../lib/gcc/arm-none-eabi/5.4.1/../../../../arm-none-eabi/lib/armv7e-m/softfp\libm.a(lib_a-k_sin.o)
 .debug_frame   0x00001a44       0x20 c:/program files (x86)/cypress/psoc creator/4.4/psoc creator/import/gnu/arm/5.4.1/bin/../lib/gcc/arm-none-eabi/5.4.1/../../../../arm-none-eabi/lib/armv7e-m/softfp\libm.a(lib_a-s_fabs.o)
 .debug_frame   0x00001a64       0x30 c:/program files (x86)/cypress/psoc creator/4.4/psoc creator/import/gnu/arm/5.4.1/bin/../lib/gcc/arm-none-eabi/5.4.1/../../../../arm-none-eabi/lib/armv7e-m/softfp\libm.a(lib_a-s_scalbn.o)
 .debug_frame   0x00001a94       0x20 c:/program files (x86)/cypress/psoc creator/4.4/psoc creator/import/gnu/arm/5.4.1/bin/../lib/gcc/arm-none-eabi/5.4.1/../../../../arm-none-eabi/lib/armv7e-m/softfp\libm.a(lib_a-s_copysign.o)
 .debug_frame   0x00001ab4       0x20 c:/program files (x86)/cypress/psoc creator/4.4/psoc creator/import/gnu/arm/5.4.1/bin/../lib/gcc/arm-none-eabi/5.4.1/../../../../arm-none-eabi/lib/armv7e-m/softfp\libg_nano.a(lib_a-memset.o)
 .debug_frame   0x00001ad4       0x28 c:/program files (x86)/cypress/psoc creator/4.4/psoc creator/import/gnu/arm/5.4.1/bin/../lib/gcc/arm-none-eabi/5.4.1/../../../../arm-none-eabi/lib/armv7e-m/softfp\libg_nano.a(lib_a-strncpy.o)
